Archive member included because of file (symbol)

./../Libraries/WiFi/TI/../BCDS_Customization/debug/libWifiLib_efm32_debug.a(netapp.o)
                              /Users/user/Documents/devel/-MQTT_Paho_latest/MQTT_Paho/debug/objects/paho/XDK/mqttXDK.o (sl_NetAppDnsGetHostByName)
./../Libraries/WiFi/TI/../BCDS_Customization/debug/libWifiLib_efm32_debug.a(netcfg.o)
                              /Users/user/Documents/devel/-MQTT_Paho_latest/MQTT_Paho/debug/objects/mqttWifi.o (sl_NetCfgGet)
./../Libraries/WiFi/TI/../BCDS_Customization/debug/libWifiLib_efm32_debug.a(socket.o)
                              /Users/user/Documents/devel/-MQTT_Paho_latest/MQTT_Paho/debug/objects/paho/XDK/mqttXDK.o (sl_Socket)
./../Libraries/WiFi/TI/../BCDS_Customization/debug/libWifiLib_efm32_debug.a(driver.o)
                              ./../Libraries/WiFi/TI/../BCDS_Customization/debug/libWifiLib_efm32_debug.a(netapp.o) (_SlDrvProtectAsyncRespSetting)
./../Libraries/WiFi/TI/../BCDS_Customization/debug/libWifiLib_efm32_debug.a(device.o)
                              ./../Libraries/WiFi/TI/../BCDS_Customization/debug/libWifiLib_efm32_debug.a(driver.o) (_sl_HandleAsync_Stop)
./../Platform/Wlan/debug/libWlan_efm32_debug.a(NetworkConfig.o)
                              ./../Libraries/WiFi/TI/../BCDS_Customization/debug/libWifiLib_efm32_debug.a(driver.o) (NetworkConfig_SlNetAppEvtHdlr)
./../Platform/Wlan/debug/libWlan_efm32_debug.a(WlanConnect.o)
                              ./../Libraries/WiFi/TI/../BCDS_Customization/debug/libWifiLib_efm32_debug.a(driver.o) (WlanConnect_SlGeneralEventHdlr)
./../Platform/Wlan/debug/libWlan_efm32_debug.a(WlanDriver.o)
                              ./../Platform/Wlan/debug/libWlan_efm32_debug.a(WlanConnect.o) (WlanDriver_Init)
./../Platform/ServalPAL_WiFi/release/libServalPalWifi_efm32.a(PAL_ip_cc.o)
                              /Users/user/Documents/devel/-MQTT_Paho_latest/MQTT_Paho/debug/objects/mqttWifi.o (Ip_convertAddrToString)
./../Platform/Sensors/debug/libSensors_efm32_debug.a(Environmental.o)
                              /Users/user/Documents/devel/-MQTT_Paho_latest/MQTT_Paho/debug/objects/mqttSensor.o (Environmental_init)
./../Platform/Sensors/debug/libSensors_efm32_debug.a(Gyroscope.o)
                              /Users/user/Documents/devel/-MQTT_Paho_latest/MQTT_Paho/debug/objects/mqttSensor.o (Gyroscope_init)
./../Platform/Sensors/debug/libSensors_efm32_debug.a(Accelerometer.o)
                              /Users/user/Documents/devel/-MQTT_Paho_latest/MQTT_Paho/debug/objects/mqttSensor.o (Accelerometer_init)
./../Platform/Sensors/debug/libSensors_efm32_debug.a(LightSensor.o)
                              /Users/user/Documents/devel/-MQTT_Paho_latest/MQTT_Paho/debug/objects/mqttSensor.o (LightSensor_init)
./../Platform/Sensors/debug/libSensors_efm32_debug.a(Magnetometer.o)
                              /Users/user/Documents/devel/-MQTT_Paho_latest/MQTT_Paho/debug/objects/mqttSensor.o (Magnetometer_init)
./../Platform/SensorUtils/debug/libSensorUtils_efm32_debug.a(Bma280Utils.o)
                              ./../Platform/Sensors/debug/libSensors_efm32_debug.a(Accelerometer.o) (Bma280Utils_initialize)
./../Platform/SensorUtils/debug/libSensorUtils_efm32_debug.a(AxisRemap.o)
                              ./../Platform/SensorUtils/debug/libSensorUtils_efm32_debug.a(Bma280Utils.o) (AxisRemap_remapSensorData)
./../Platform/SensorUtils/debug/libSensorUtils_efm32_debug.a(Bmi160Utils.o)
                              ./../Platform/Sensors/debug/libSensors_efm32_debug.a(Gyroscope.o) (Bmi160Utils_initialize)
./../Platform/SensorUtils/debug/libSensorUtils_efm32_debug.a(Bmg160Utils.o)
                              ./../Platform/Sensors/debug/libSensors_efm32_debug.a(Gyroscope.o) (Bmg160Utils_initialize)
./../Platform/SensorUtils/debug/libSensorUtils_efm32_debug.a(Bme280Utils.o)
                              ./../Platform/Sensors/debug/libSensors_efm32_debug.a(Environmental.o) (Bme280Utils_initialize)
./../Platform/SensorUtils/debug/libSensorUtils_efm32_debug.a(Bmm150Utils.o)
                              ./../Platform/Sensors/debug/libSensors_efm32_debug.a(Magnetometer.o) (Bmm150Utils_initialize)
./../Platform/SensorUtils/debug/libSensorUtils_efm32_debug.a(Max44009Utils.o)
                              ./../Platform/Sensors/debug/libSensors_efm32_debug.a(LightSensor.o) (Max44009Utils_initialize)
./../Libraries/FreeRTOS/FreeRTOS/../BCDS_Customization/debug/libFreeRTOS_efm32_debug.a(queue.o)
                              ./../Platform/Wlan/debug/libWlan_efm32_debug.a(WlanDriver.o) (xQueueGenericCreate)
./../Libraries/FreeRTOS/FreeRTOS/../BCDS_Customization/debug/libFreeRTOS_efm32_debug.a(tasks.o)
                              /Users/user/Documents/devel/-MQTT_Paho_latest/MQTT_Paho/debug/objects/mqttPahoClient.o (xTaskGenericCreate)
./../Libraries/FreeRTOS/FreeRTOS/../BCDS_Customization/debug/libFreeRTOS_efm32_debug.a(timers.o)
[...]
Memory Configuration

Name             Origin             Length             Attributes
FLASH            0x0000000000010000 0x00000000000f0000 xr
RAM              0x0000000020000000 0x0000000000020000 xrw
*default*        0x0000000000000000 0xffffffffffffffff

Linker script and memory map

LOAD /Applications/XDK.app/armGCC/bin/../lib/gcc/arm-none-eabi/4.7.4/armv7-m/crti.o
LOAD /Applications/XDK.app/armGCC/bin/../lib/gcc/arm-none-eabi/4.7.4/armv7-m/crtbegin.o
LOAD /Applications/XDK.app/armGCC/bin/../lib/gcc/arm-none-eabi/4.7.4/../../../../arm-none-eabi/lib/armv7-m/crt0.o
LOAD /Users/user/Documents/devel/-MQTT_Paho_latest/MQTT_Paho/debug/objects/./../Platform/Utils/source/RSM_retargetStdioMessage/retargetio.o
LOAD /Users/user/Documents/devel/-MQTT_Paho_latest/MQTT_Paho/debug/objects/./../Libraries/EMlib/EMLib/usb/src/em_usbdint.o
LOAD /Users/user/Documents/devel/-MQTT_Paho_latest/MQTT_Paho/debug/objects/main.o
LOAD /Users/user/Documents/devel/-MQTT_Paho_latest/MQTT_Paho/debug/objects/mqttSensor.o
LOAD /Users/user/Documents/devel/-MQTT_Paho_latest/MQTT_Paho/debug/objects/mqttPahoClient.o
LOAD /Users/user/Documents/devel/-MQTT_Paho_latest/MQTT_Paho/debug/objects/mqttInit.o
LOAD /Users/user/Documents/devel/-MQTT_Paho_latest/MQTT_Paho/debug/objects/mqttWifi.o
LOAD /Users/user/Documents/devel/-MQTT_Paho_latest/MQTT_Paho/debug/objects/mqttButton.o
LOAD /Users/user/Documents/devel/-MQTT_Paho_latest/MQTT_Paho/debug/objects/paho/XDK/mqttXDK.o
LOAD /Users/user/Documents/devel/-MQTT_Paho_latest/MQTT_Paho/debug/objects/paho/MQTTClient.o
LOAD /Users/user/Documents/devel/-MQTT_Paho_latest/MQTT_Paho/debug/objects/paho/MQTTConnectClient.o
LOAD /Users/user/Documents/devel/-MQTT_Paho_latest/MQTT_Paho/debug/objects/paho/MQTTConnectServer.o
LOAD /Users/user/Documents/devel/-MQTT_Paho_latest/MQTT_Paho/debug/objects/paho/MQTTDeserializePublish.o
LOAD /Users/user/Documents/devel/-MQTT_Paho_latest/MQTT_Paho/debug/objects/paho/MQTTFormat.o
LOAD /Users/user/Documents/devel/-MQTT_Paho_latest/MQTT_Paho/debug/objects/paho/MQTTPacket.o
LOAD /Users/user/Documents/devel/-MQTT_Paho_latest/MQTT_Paho/debug/objects/paho/MQTTSerializePublish.o
LOAD /Users/user/Documents/devel/-MQTT_Paho_latest/MQTT_Paho/debug/objects/paho/MQTTSubscribeClient.o
LOAD /Users/user/Documents/devel/-MQTT_Paho_latest/MQTT_Paho/debug/objects/paho/MQTTSubscribeServer.o
LOAD /Users/user/Documents/devel/-MQTT_Paho_latest/MQTT_Paho/debug/objects/paho/MQTTUnsubscribeClient.o
LOAD /Users/user/Documents/devel/-MQTT_Paho_latest/MQTT_Paho/debug/objects/paho/MQTTUnsubscribeServer.o
LOAD /Users/user/Documents/devel/-MQTT_Paho_latest/MQTT_Paho/debug/objects/cJSON/cJSON.o
LOAD /Users/user/Documents/devel/-MQTT_Paho_latest/MQTT_Paho/debug/objects/startup_efm32gg.o
START GROUP
LOAD ./../Platform/SensorToolbox/release/libSensorToolbox.a
LOAD ./../Libraries/WiFi/TI/../BCDS_Customization/debug/libWifiLib_efm32_debug.a
LOAD ./../Platform/Wlan/debug/libWlan_efm32_debug.a
LOAD ./../Libraries/ServalStack/BCDS_Customization/release/libServalStack_efm32.a
LOAD ./../Platform/ServalPAL_WiFi/release/libServalPalWifi_efm32.a
LOAD ./../Platform/MiscDrivers/debug/libMiscDrivers_efm32_debug.a
LOAD ./../Platform/BLE/debug/libBLE_efm32_debug.a
LOAD ./../Platform/Sensors/debug/libSensors_efm32_debug.a
LOAD ./../Platform/SensorUtils/debug/libSensorUtils_efm32_debug.a
LOAD ./../Libraries/FreeRTOS/FreeRTOS/../BCDS_Customization/debug/libFreeRTOS_efm32_debug.a
LOAD ./../Platform/Peripherals/debug/libPeripherals_efm32_debug.a
LOAD ./../Libraries/EMlib/EMLib/../BCDS_Customization/debug/libEMLib_efm32_debug.a
LOAD ./../Libraries/BSTLib/BST_Github/../BCDS_Customization/debug/libBSTLib_efm32_debug.a
LOAD ../Common/debug/XDKCommon_efm32_debug.a
LOAD ./../Platform/Utils/debug/libUtils_efm32_debug.a
LOAD ./../Platform/Basics/debug/libBasics_efm32_debug.a
LOAD ./../Platform/SensorDrivers/debug/libSensorDrivers_efm32_debug.a
LOAD ./../Platform/Power/debug/libPOWER_efm32_debug.a
LOAD ./../Platform/SensorDrivers/debug/libSensorDrivers_efm32_debug.a
LOAD ./../Libraries/FATfs/BCDS_Customization/debug/libFATfs_efm32_debug.a
LOAD ./../Platform/FOTA/debug/libFOTA_efm32_debug.a
LOAD ./../Libraries/Escrypt_CycurTLS/CycurTLS/src/cycurlib/../../../BCDS_Customization/release/libCYCURTLS_efm32.a
LOAD ./../Libraries/BLEStack/Alpwise/Core_Stack/Libraries/BLESW_CoreStack_CM3.a
LOAD ./../Libraries/BLEStack/Alpwise/Service/Data_Exchange_Service/Libraries/BLESW_ALPWDEP_Server_CM3.a
LOAD ./../Libraries/BLEStack/Alpwise/Core_Stack/Libraries/BLESW_ALPWDES_CM3.a
LOAD ./../Libraries/BLEStack/Alpwise/Service/BLESW_AlertNotification/Libraries/BLESW_ANP_Server_CM3.a
LOAD ./../Libraries/BLEStack/Alpwise/Core_Stack/Libraries/BLESW_ANS_CM3.a
LOAD ./../Libraries/BLEStack/Alpwise/Service/BLESW_BloodPressure/Libraries/BLESW_BLP_Sensor_CM3.a
LOAD ./../Libraries/BLEStack/Alpwise/Core_Stack/Libraries/BLESW_BLS_CM3.a
LOAD ./../Libraries/BLEStack/Alpwise/Service/BLESW_CyclingPower/Libraries/BLESW_CPP_Sensor_CM3.a
LOAD ./../Libraries/BLEStack/Alpwise/Core_Stack/Libraries/BLESW_CPS_CM3.a
LOAD ./../Libraries/BLEStack/Alpwise/Service/BLESW_CyclingSpeedAndCadence/Libraries/BLESW_CSCP_Sensor_CM3.a
LOAD ./../Libraries/BLEStack/Alpwise/Core_Stack/Libraries/BLESW_CSCS_CM3.a
LOAD ./../Libraries/BLEStack/Alpwise/Service/BLESW_Glucose/Libraries/BLESW_GLP_Sensor_CM3.a
LOAD ./../Libraries/BLEStack/Alpwise/Core_Stack/Libraries/BLESW_GLS_CM3.a
LOAD ./../Libraries/BLEStack/Alpwise/Service/BLESW_HealthThermometer/Libraries/BLESW_HTP_Thermometer_CM3.a
LOAD ./../Libraries/BLEStack/Alpwise/Core_Stack/Libraries/BLESW_HTS_CM3.a
LOAD ./../Libraries/BLEStack/Alpwise/Service/BLESW_HeartRate/Libraries/BLESW_HRP_Sensor_CM3.a
LOAD ./../Libraries/BLEStack/Alpwise/Core_Stack/Libraries/BLESW_HRS_CM3.a
LOAD ./../Libraries/BLEStack/Alpwise/Service/BLESW_HumanInterfaceDevice/Libraries/BLESW_HID_Host_CM3.a
LOAD ./../Libraries/BLEStack/Alpwise/Core_Stack/Libraries/BLESW_HIDS_CM3.a
LOAD ./../Libraries/BLEStack/Alpwise/Service/BLESW_LocationAndNavigation/Libraries/BLESW_LNP_Sensor_CM3.a
LOAD ./../Libraries/BLEStack/Alpwise/Core_Stack/Libraries/BLESW_LNS_CM3.a
LOAD ./../Libraries/BLEStack/Alpwise/Service/BLESW_NetworkAvailability/Libraries/BLESW_NWAP_Reporter_CM3.a
LOAD ./../Libraries/BLEStack/Alpwise/Core_Stack/Libraries/BLESW_NWAS_CM3.a
LOAD ./../Libraries/BLEStack/Alpwise/Service/BLESW_PhoneAlertStatus/Libraries/BLESW_PASP_Server_CM3.a
LOAD ./../Libraries/BLEStack/Alpwise/Core_Stack/Libraries/BLESW_PASS_CM3.a
LOAD ./../Libraries/BLEStack/Alpwise/Service/BLESW_RunningSpeedAndCadence/Libraries/BLESW_RSCP_Sensor_CM3.a
LOAD ./../Libraries/BLEStack/Alpwise/Core_Stack/Libraries/BLESW_RSCS_CM3.a
LOAD ./../Libraries/EMlib/EMLib/CMSIS/Lib/GCC/libarm_cortexM3l_math.a
END GROUP
START GROUP
LOAD /Applications/XDK.app/armGCC/bin/../lib/gcc/arm-none-eabi/4.7.4/armv7-m/libgcc.a
LOAD /Applications/XDK.app/armGCC/bin/../lib/gcc/arm-none-eabi/4.7.4/../../../../arm-none-eabi/lib/armv7-m/libc.a
LOAD /Applications/XDK.app/armGCC/bin/../lib/gcc/arm-none-eabi/4.7.4/../../../../arm-none-eabi/lib/armv7-m/libm.a
END GROUP
START GROUP
LOAD /Applications/XDK.app/armGCC/bin/../lib/gcc/arm-none-eabi/4.7.4/armv7-m/libgcc.a
LOAD /Applications/XDK.app/armGCC/bin/../lib/gcc/arm-none-eabi/4.7.4/../../../../arm-none-eabi/lib/armv7-m/libc.a
END GROUP
LOAD /Applications/XDK.app/armGCC/bin/../lib/gcc/arm-none-eabi/4.7.4/armv7-m/crtend.o
LOAD /Applications/XDK.app/armGCC/bin/../lib/gcc/arm-none-eabi/4.7.4/armv7-m/crtn.o

.text           0x0000000000010000    0x2b094
 *(.isr_vector)
 .isr_vector    0x0000000000010000      0x100 /Users/user/Documents/devel/-MQTT_Paho_latest/MQTT_Paho/debug/objects/startup_efm32gg.o
                0x0000000000010000                __isr_vector
 *(.text*)
 .text          0x0000000000010100       0x54 /Applications/XDK.app/armGCC/bin/../lib/gcc/arm-none-eabi/4.7.4/armv7-m/crtbegin.o
 .text          0x0000000000010154       0x70 /Applications/XDK.app/armGCC/bin/../lib/gcc/arm-none-eabi/4.7.4/../../../../arm-none-eabi/lib/armv7-m/crt0.o
                0x0000000000010154                start
                0x0000000000010154                _start
                0x0000000000010154                _mainCRTStartup
 .text._close   0x00000000000101c4       0x18 /Users/user/Documents/devel/-MQTT_Paho_latest/MQTT_Paho/debug/objects/./../Platform/Utils/source/RSM_retargetStdioMessage/retargetio.o
                0x00000000000101c4                _close
 .text._exit    0x00000000000101dc        0xc /Users/user/Documents/devel/-MQTT_Paho_latest/MQTT_Paho/debug/objects/./../Platform/Utils/source/RSM_retargetStdioMessage/retargetio.o
                0x00000000000101dc                _exit
 .text._fstat   0x00000000000101e8       0x24 /Users/user/Documents/devel/-MQTT_Paho_latest/MQTT_Paho/debug/objects/./../Platform/Utils/source/RSM_retargetStdioMessage/retargetio.o
                0x00000000000101e8                _fstat
 .text._isatty  0x000000000001020c       0x18 /Users/user/Documents/devel/-MQTT_Paho_latest/MQTT_Paho/debug/objects/./../Platform/Utils/source/RSM_retargetStdioMessage/retargetio.o
                0x000000000001020c                _isatty
 .text._lseek   0x0000000000010224       0x1c /Users/user/Documents/devel/-MQTT_Paho_latest/MQTT_Paho/debug/objects/./../Platform/Utils/source/RSM_retargetStdioMessage/retargetio.o
                0x0000000000010224                _lseek
 .text._read    0x0000000000010240       0x70 /Users/user/Documents/devel/-MQTT_Paho_latest/MQTT_Paho/debug/objects/./../Platform/Utils/source/RSM_retargetStdioMessage/retargetio.o
                0x0000000000010240                _read
 .text._sbrk    0x00000000000102b0       0xa0 /Users/user/Documents/devel/-MQTT_Paho_latest/MQTT_Paho/debug/objects/./../Platform/Utils/source/RSM_retargetStdioMessage/retargetio.o
                0x00000000000102b0                _sbrk
 .text._write   0x0000000000010350       0x20 /Users/user/Documents/devel/-MQTT_Paho_latest/MQTT_Paho/debug/objects/./../Platform/Utils/source/RSM_retargetStdioMessage/retargetio.o
                0x0000000000010350                _write
 .text.INT_Disable
                0x0000000000010370       0x40 /Users/user/Documents/devel/-MQTT_Paho_latest/MQTT_Paho/debug/objects/./../Libraries/EMlib/EMLib/usb/src/em_usbdint.o
 .text.INT_Enable
                0x00000000000103b0       0x54 /Users/user/Documents/devel/-MQTT_Paho_latest/MQTT_Paho/debug/objects/./../Libraries/EMlib/EMLib/usb/src/em_usbdint.o
 .text.USBHAL_FlushTxFifo
                0x0000000000010404       0x4c /Users/user/Documents/devel/-MQTT_Paho_latest/MQTT_Paho/debug/objects/./../Libraries/EMlib/EMLib/usb/src/em_usbdint.o
 .text.USBHAL_GetCoreInts
                0x0000000000010450       0x40 /Users/user/Documents/devel/-MQTT_Paho_latest/MQTT_Paho/debug/objects/./../Libraries/EMlib/EMLib/usb/src/em_usbdint.o
 .text.USBDHAL_EnableInts
                0x0000000000010490       0x70 /Users/user/Documents/devel/-MQTT_Paho_latest/MQTT_Paho/debug/objects/./../Libraries/EMlib/EMLib/usb/src/em_usbdint.o
 .text.USBDHAL_Ep0Activate
                0x0000000000010500       0x70 /Users/user/Documents/devel/-MQTT_Paho_latest/MQTT_Paho/debug/objects/./../Libraries/EMlib/EMLib/usb/src/em_usbdint.o
 .text.USBDHAL_GetAllInEpInts
                0x0000000000010570       0x48 /Users/user/Documents/devel/-MQTT_Paho_latest/MQTT_Paho/debug/objects/./../Libraries/EMlib/EMLib/usb/src/em_usbdint.o
 .text.USBDHAL_GetAllOutEpInts
                0x00000000000105b8       0x44 /Users/user/Documents/devel/-MQTT_Paho_latest/MQTT_Paho/debug/objects/./../Libraries/EMlib/EMLib/usb/src/em_usbdint.o
 .text.USBDHAL_GetInEpInts
                0x00000000000105fc       0x44 /Users/user/Documents/devel/-MQTT_Paho_latest/MQTT_Paho/debug/objects/./../Libraries/EMlib/EMLib/usb/src/em_usbdint.o
 .text.USBDHAL_GetOutEpInts
                0x0000000000010640       0x44 /Users/user/Documents/devel/-MQTT_Paho_latest/MQTT_Paho/debug/objects/./../Libraries/EMlib/EMLib/usb/src/em_usbdint.o
 .text.USBDHAL_StartEp0Setup
                0x0000000000010684       0x88 /Users/user/Documents/devel/-MQTT_Paho_latest/MQTT_Paho/debug/objects/./../Libraries/EMlib/EMLib/usb/src/em_usbdint.o
 .text.USBD_GetEpFromAddr
                0x000000000001070c       0xa0 /Users/user/Documents/devel/-MQTT_Paho_latest/MQTT_Paho/debug/objects/./../Libraries/EMlib/EMLib/usb/src/em_usbdint.o
 .text.USB_IRQHandler
                0x00000000000107ac      0x16c /Users/user/Documents/devel/-MQTT_Paho_latest/MQTT_Paho/debug/objects/./../Libraries/EMlib/EMLib/usb/src/em_usbdint.o
                0x00000000000107ac                USB_IRQHandler
 .text.Handle_USB_GINTSTS_ENUMDONE
                0x0000000000010918       0x3c /Users/user/Documents/devel/-MQTT_Paho_latest/MQTT_Paho/debug/objects/./../Libraries/EMlib/EMLib/usb/src/em_usbdint.o
 .text.Handle_USB_GINTSTS_IEPINT
                0x0000000000010954      0x118 /Users/user/Documents/devel/-MQTT_Paho_latest/MQTT_Paho/debug/objects/./../Libraries/EMlib/EMLib/usb/src/em_usbdint.o
 .text.Handle_USB_GINTSTS_OEPINT
                0x0000000000010a6c      0x230 /Users/user/Documents/devel/-MQTT_Paho_latest/MQTT_Paho/debug/objects/./../Libraries/EMlib/EMLib/usb/src/em_usbdint.o
 .text.Handle_USB_GINTSTS_RESETDET
                0x0000000000010c9c       0x40 /Users/user/Documents/devel/-MQTT_Paho_latest/MQTT_Paho/debug/objects/./../Libraries/EMlib/EMLib/usb/src/em_usbdint.o
 .text.Handle_USB_GINTSTS_SOF
                0x0000000000010cdc       0x64 /Users/user/Documents/devel/-MQTT_Paho_latest/MQTT_Paho/debug/objects/./../Libraries/EMlib/EMLib/usb/src/em_usbdint.o
 .text.Handle_USB_GINTSTS_USBRST
                0x0000000000010d40      0x150 /Users/user/Documents/devel/-MQTT_Paho_latest/MQTT_Paho/debug/objects/./../Libraries/EMlib/EMLib/usb/src/em_usbdint.o
 .text.Handle_USB_GINTSTS_USBSUSP
                0x0000000000010e90       0x68 /Users/user/Documents/devel/-MQTT_Paho_latest/MQTT_Paho/debug/objects/./../Libraries/EMlib/EMLib/usb/src/em_usbdint.o
 .text.Handle_USB_GINTSTS_WKUPINT
                0x0000000000010ef8       0x30 /Users/user/Documents/devel/-MQTT_Paho_latest/MQTT_Paho/debug/objects/./../Libraries/EMlib/EMLib/usb/src/em_usbdint.o
 .text.main     0x0000000000010f28       0x10 /Users/user/Documents/devel/-MQTT_Paho_latest/MQTT_Paho/debug/objects/main.o
                0x0000000000010f28                main
 .text.sensorInitializeAccel
                0x0000000000010f38       0x3c /Users/user/Documents/devel/-MQTT_Paho_latest/MQTT_Paho/debug/objects/mqttSensor.o
 .text.sensorInitializeGyro
                0x0000000000010f74       0x3c /Users/user/Documents/devel/-MQTT_Paho_latest/MQTT_Paho/debug/objects/mqttSensor.o
 .text.sensorInitializeMag
                0x0000000000010fb0       0x5c /Users/user/Documents/devel/-MQTT_Paho_latest/MQTT_Paho/debug/objects/mqttSensor.o
 .text.sensorInitializeLight
                0x000000000001100c       0x5c /Users/user/Documents/devel/-MQTT_Paho_latest/MQTT_Paho/debug/objects/mqttSensor.o
 .text.sensorInitializeEnv
                0x0000000000011068       0x3c /Users/user/Documents/devel/-MQTT_Paho_latest/MQTT_Paho/debug/objects/mqttSensor.o
 .text.sensorPostInitLightSensor
                0x00000000000110a4       0x30 /Users/user/Documents/devel/-MQTT_Paho_latest/MQTT_Paho/debug/objects/mqttSensor.o
 .text.sensorPostInitMagSensor
                0x00000000000110d4       0x30 /Users/user/Documents/devel/-MQTT_Paho_latest/MQTT_Paho/debug/objects/mqttSensor.o
 .text.sensorStreamData
                0x0000000000011104      0x5d8 /Users/user/Documents/devel/-MQTT_Paho_latest/MQTT_Paho/debug/objects/mqttSensor.o
                0x0000000000011104                sensorStreamData
 .text.sensorInit
                0x00000000000116dc       0x3c /Users/user/Documents/devel/-MQTT_Paho_latest/MQTT_Paho/debug/objects/mqttSensor.o
                0x00000000000116dc                sensorInit
 .text.clientRecv
                0x0000000000011718       0xd4 /Users/user/Documents/devel/-MQTT_Paho_latest/MQTT_Paho/debug/objects/mqttPahoClient.o
 .text.clientTask
                0x00000000000117ec       0xdc /Users/user/Documents/devel/-MQTT_Paho_latest/MQTT_Paho/debug/objects/mqttPahoClient.o
 .text.clientStartTimer
                0x00000000000118c8       0x38 /Users/user/Documents/devel/-MQTT_Paho_latest/MQTT_Paho/debug/objects/mqttPahoClient.o
                0x00000000000118c8                clientStartTimer
 .text.clientStopTimer
                0x0000000000011900       0x30 /Users/user/Documents/devel/-MQTT_Paho_latest/MQTT_Paho/debug/objects/mqttPahoClient.o
                0x0000000000011900                clientStopTimer
 .text.clientInit
                0x0000000000011930      0x210 /Users/user/Documents/devel/-MQTT_Paho_latest/MQTT_Paho/debug/objects/mqttPahoClient.o
                0x0000000000011930                clientInit
 .text.clientDeinit
                0x0000000000011b40       0x28 /Users/user/Documents/devel/-MQTT_Paho_latest/MQTT_Paho/debug/objects/mqttPahoClient.o
                0x0000000000011b40                clientDeinit
 .text.GPIO_PinOutSet
                0x0000000000011b68       0x4c /Users/user/Documents/devel/-MQTT_Paho_latest/MQTT_Paho/debug/objects/mqttInit.o
 .text.appInitSystem
                0x0000000000011bb4       0x44 /Users/user/Documents/devel/-MQTT_Paho_latest/MQTT_Paho/debug/objects/mqttInit.o
                0x0000000000011bb4                appInitSystem
 .text.wifiInit
                0x0000000000011bf8      0x1d4 /Users/user/Documents/devel/-MQTT_Paho_latest/MQTT_Paho/debug/objects/mqttWifi.o
                0x0000000000011bf8                wifiInit
 .text.GPIO_PortOutClear
                0x0000000000011dcc       0x40 /Users/user/Documents/devel/-MQTT_Paho_latest/MQTT_Paho/debug/objects/mqttButton.o
 .text.buttonCallback
                0x0000000000011e0c       0x58 /Users/user/Documents/devel/-MQTT_Paho_latest/MQTT_Paho/debug/objects/mqttButton.o
 .text.buttonInit
                0x0000000000011e64      0x10c /Users/user/Documents/devel/-MQTT_Paho_latest/MQTT_Paho/debug/objects/mqttButton.o
                0x0000000000011e64                buttonInit
 .text.expired  0x0000000000011f70       0x2c /Users/user/Documents/devel/-MQTT_Paho_latest/MQTT_Paho/debug/objects/paho/XDK/mqttXDK.o
                0x0000000000011f70                expired
 .text.countdown_ms
                0x0000000000011f9c       0x24 /Users/user/Documents/devel/-MQTT_Paho_latest/MQTT_Paho/debug/objects/paho/XDK/mqttXDK.o
                0x0000000000011f9c                countdown_ms
 .text.countdown
                0x0000000000011fc0       0x2c /Users/user/Documents/devel/-MQTT_Paho_latest/MQTT_Paho/debug/objects/paho/XDK/mqttXDK.o
                0x0000000000011fc0                countdown
 .text.left_ms  0x0000000000011fec       0x2c /Users/user/Documents/devel/-MQTT_Paho_latest/MQTT_Paho/debug/objects/paho/XDK/mqttXDK.o
                0x0000000000011fec                left_ms
 .text.InitTimer
                0x0000000000012018       0x1c /Users/user/Documents/devel/-MQTT_Paho_latest/MQTT_Paho/debug/objects/paho/XDK/mqttXDK.o
                0x0000000000012018                InitTimer
 .text.xdk_read
                0x0000000000012034       0xc8 /Users/user/Documents/devel/-MQTT_Paho_latest/MQTT_Paho/debug/objects/paho/XDK/mqttXDK.o
                0x0000000000012034                xdk_read
 .text.xdk_write
                0x00000000000120fc       0xa4 /Users/user/Documents/devel/-MQTT_Paho_latest/MQTT_Paho/debug/objects/paho/XDK/mqttXDK.o
                0x00000000000120fc                xdk_write
 .text.xdk_disconnect
                0x00000000000121a0       0x20 /Users/user/Documents/devel/-MQTT_Paho_latest/MQTT_Paho/debug/objects/paho/XDK/mqttXDK.o
                0x00000000000121a0                xdk_disconnect
 .text.NewNetwork
                0x00000000000121c0       0x40 /Users/user/Documents/devel/-MQTT_Paho_latest/MQTT_Paho/debug/objects/paho/XDK/mqttXDK.o
                0x00000000000121c0                NewNetwork
 .text.ConnectNetwork
                0x0000000000012200       0xc0 /Users/user/Documents/devel/-MQTT_Paho_latest/MQTT_Paho/debug/objects/paho/XDK/mqttXDK.o
                0x0000000000012200                ConnectNetwork
 .text.NewMessageData
                0x00000000000122c0       0x24 /Users/user/Documents/devel/-MQTT_Paho_latest/MQTT_Paho/debug/objects/paho/MQTTClient.o
                0x00000000000122c0                NewMessageData
 .text.getNextPacketId
                0x00000000000122e4       0x38 /Users/user/Documents/devel/-MQTT_Paho_latest/MQTT_Paho/debug/objects/paho/MQTTClient.o
                0x00000000000122e4                getNextPacketId
 .text.sendPacket
                0x000000000001231c       0x98 /Users/user/Documents/devel/-MQTT_Paho_latest/MQTT_Paho/debug/objects/paho/MQTTClient.o
                0x000000000001231c                sendPacket
 .text.MQTTClient
                0x00000000000123b4       0x88 /Users/user/Documents/devel/-MQTT_Paho_latest/MQTT_Paho/debug/objects/paho/MQTTClient.o
                0x00000000000123b4                MQTTClient
 .text.decodePacket
                0x000000000001243c       0xa0 /Users/user/Documents/devel/-MQTT_Paho_latest/MQTT_Paho/debug/objects/paho/MQTTClient.o
                0x000000000001243c                decodePacket
 .text.readPacket
                0x00000000000124dc       0xdc /Users/user/Documents/devel/-MQTT_Paho_latest/MQTT_Paho/debug/objects/paho/MQTTClient.o
                0x00000000000124dc                readPacket
 .text.isTopicMatched
                0x00000000000125b8       0xe0 /Users/user/Documents/devel/-MQTT_Paho_latest/MQTT_Paho/debug/objects/paho/MQTTClient.o
                0x00000000000125b8                isTopicMatched
 .text.deliverMessage
                0x0000000000012698       0xf4 /Users/user/Documents/devel/-MQTT_Paho_latest/MQTT_Paho/debug/objects/paho/MQTTClient.o
                0x0000000000012698                deliverMessage
 .text.keepalive
                0x000000000001278c       0x94 /Users/user/Documents/devel/-MQTT_Paho_latest/MQTT_Paho/debug/objects/paho/MQTTClient.o
                0x000000000001278c                keepalive
 .text.cycle    0x0000000000012820      0x1d8 /Users/user/Documents/devel/-MQTT_Paho_latest/MQTT_Paho/debug/objects/paho/MQTTClient.o
                0x0000000000012820                cycle
 .text.MQTTYield
                0x00000000000129f8       0x64 /Users/user/Documents/devel/-MQTT_Paho_latest/MQTT_Paho/debug/objects/paho/MQTTClient.o
                0x00000000000129f8                MQTTYield
 .text.waitfor  0x0000000000012a5c       0x40 /Users/user/Documents/devel/-MQTT_Paho_latest/MQTT_Paho/debug/objects/paho/MQTTClient.o
                0x0000000000012a5c                waitfor
 .text.MQTTConnect
                0x0000000000012a9c      0x124 /Users/user/Documents/devel/-MQTT_Paho_latest/MQTT_Paho/debug/objects/paho/MQTTClient.o
                0x0000000000012a9c                MQTTConnect
 .text.MQTTSubscribe
                0x0000000000012bc0      0x174 /Users/user/Documents/devel/-MQTT_Paho_latest/MQTT_Paho/debug/objects/paho/MQTTClient.o
                0x0000000000012bc0                MQTTSubscribe
 .text.MQTTPublish
                0x0000000000012d34      0x198 /Users/user/Documents/devel/-MQTT_Paho_latest/MQTT_Paho/debug/objects/paho/MQTTClient.o
                0x0000000000012d34                MQTTPublish
 .text.MQTTDisconnect
                0x0000000000012ecc       0x64 /Users/user/Documents/devel/-MQTT_Paho_latest/MQTT_Paho/debug/objects/paho/MQTTClient.o
                0x0000000000012ecc                MQTTDisconnect
 .text.MQTTSerialize_connectLength
                0x0000000000012f30       0xe0 /Users/user/Documents/devel/-MQTT_Paho_latest/MQTT_Paho/debug/objects/paho/MQTTConnectClient.o
                0x0000000000012f30                MQTTSerialize_connectLength
 .text.MQTTSerialize_connect
                0x0000000000013010      0x204 /Users/user/Documents/devel/-MQTT_Paho_latest/MQTT_Paho/debug/objects/paho/MQTTConnectClient.o
                0x0000000000013010                MQTTSerialize_connect
 .text.MQTTDeserialize_connack
                0x0000000000013214       0xb8 /Users/user/Documents/devel/-MQTT_Paho_latest/MQTT_Paho/debug/objects/paho/MQTTConnectClient.o
                0x0000000000013214                MQTTDeserialize_connack
 .text.MQTTSerialize_zero
                0x00000000000132cc       0x7c /Users/user/Documents/devel/-MQTT_Paho_latest/MQTT_Paho/debug/objects/paho/MQTTConnectClient.o
                0x00000000000132cc                MQTTSerialize_zero
 .text.MQTTSerialize_disconnect
                0x0000000000013348       0x24 /Users/user/Documents/devel/-MQTT_Paho_latest/MQTT_Paho/debug/objects/paho/MQTTConnectClient.o
                0x0000000000013348                MQTTSerialize_disconnect
 .text.MQTTSerialize_pingreq
                0x000000000001336c       0x24 /Users/user/Documents/devel/-MQTT_Paho_latest/MQTT_Paho/debug/objects/paho/MQTTConnectClient.o
                0x000000000001336c                MQTTSerialize_pingreq
 .text.MQTTDeserialize_publish
                0x0000000000013390       0xec /Users/user/Documents/devel/-MQTT_Paho_latest/MQTT_Paho/debug/objects/paho/MQTTDeserializePublish.o
                0x0000000000013390                MQTTDeserialize_publish
 .text.MQTTDeserialize_ack
                0x000000000001347c       0xa0 /Users/user/Documents/devel/-MQTT_Paho_latest/MQTT_Paho/debug/objects/paho/MQTTDeserializePublish.o
                0x000000000001347c                MQTTDeserialize_ack
 .text.MQTTPacket_encode
                0x000000000001351c       0x74 /Users/user/Documents/devel/-MQTT_Paho_latest/MQTT_Paho/debug/objects/paho/MQTTPacket.o
                0x000000000001351c                MQTTPacket_encode
 .text.MQTTPacket_decode
                0x0000000000013590       0x88 /Users/user/Documents/devel/-MQTT_Paho_latest/MQTT_Paho/debug/objects/paho/MQTTPacket.o
                0x0000000000013590                MQTTPacket_decode
 .text.MQTTPacket_len
                0x0000000000013618       0x64 /Users/user/Documents/devel/-MQTT_Paho_latest/MQTT_Paho/debug/objects/paho/MQTTPacket.o
                0x0000000000013618                MQTTPacket_len
 .text.bufchar  0x000000000001367c       0x50 /Users/user/Documents/devel/-MQTT_Paho_latest/MQTT_Paho/debug/objects/paho/MQTTPacket.o
                0x000000000001367c                bufchar
 .text.MQTTPacket_decodeBuf
                0x00000000000136cc       0x30 /Users/user/Documents/devel/-MQTT_Paho_latest/MQTT_Paho/debug/objects/paho/MQTTPacket.o
                0x00000000000136cc                MQTTPacket_decodeBuf
 .text.readInt  0x00000000000136fc       0x3c /Users/user/Documents/devel/-MQTT_Paho_latest/MQTT_Paho/debug/objects/paho/MQTTPacket.o
                0x00000000000136fc                readInt
 .text.readChar
                0x0000000000013738       0x2c /Users/user/Documents/devel/-MQTT_Paho_latest/MQTT_Paho/debug/objects/paho/MQTTPacket.o
                0x0000000000013738                readChar
 .text.writeChar
                0x0000000000013764       0x2c /Users/user/Documents/devel/-MQTT_Paho_latest/MQTT_Paho/debug/objects/paho/MQTTPacket.o
                0x0000000000013764                writeChar
 .text.writeInt
                0x0000000000013790       0x68 /Users/user/Documents/devel/-MQTT_Paho_latest/MQTT_Paho/debug/objects/paho/MQTTPacket.o
                0x0000000000013790                writeInt
 .text.writeCString
                0x00000000000137f8       0x40 /Users/user/Documents/devel/-MQTT_Paho_latest/MQTT_Paho/debug/objects/paho/MQTTPacket.o
                0x00000000000137f8                writeCString
 .text.writeMQTTString
                0x0000000000013838       0x64 /Users/user/Documents/devel/-MQTT_Paho_latest/MQTT_Paho/debug/objects/paho/MQTTPacket.o
                0x0000000000013838                writeMQTTString
 .text.readMQTTLenString
                0x000000000001389c       0x6c /Users/user/Documents/devel/-MQTT_Paho_latest/MQTT_Paho/debug/objects/paho/MQTTPacket.o
                0x000000000001389c                readMQTTLenString
 .text.MQTTstrlen
                0x0000000000013908       0x38 /Users/user/Documents/devel/-MQTT_Paho_latest/MQTT_Paho/debug/objects/paho/MQTTPacket.o
                0x0000000000013908                MQTTstrlen
 .text.MQTTPacket_equals
                0x0000000000013940       0x78 /Users/user/Documents/devel/-MQTT_Paho_latest/MQTT_Paho/debug/objects/paho/MQTTPacket.o
                0x0000000000013940                MQTTPacket_equals
 .text.MQTTSerialize_publishLength
                0x00000000000139b8       0x48 /Users/user/Documents/devel/-MQTT_Paho_latest/MQTT_Paho/debug/objects/paho/MQTTSerializePublish.o
                0x00000000000139b8                MQTTSerialize_publishLength
 .text.MQTTSerialize_publish
                0x0000000000013a00      0x100 /Users/user/Documents/devel/-MQTT_Paho_latest/MQTT_Paho/debug/objects/paho/MQTTSerializePublish.o
                0x0000000000013a00                MQTTSerialize_publish
 .text.MQTTSerialize_ack
                0x0000000000013b00       0xac /Users/user/Documents/devel/-MQTT_Paho_latest/MQTT_Paho/debug/objects/paho/MQTTSerializePublish.o
                0x0000000000013b00                MQTTSerialize_ack
 .text.MQTTSerialize_subscribeLength
                0x0000000000013bac       0x5c /Users/user/Documents/devel/-MQTT_Paho_latest/MQTT_Paho/debug/objects/paho/MQTTSubscribeClient.o
                0x0000000000013bac                MQTTSerialize_subscribeLength
 .text.MQTTSerialize_subscribe
                0x0000000000013c08      0x10c /Users/user/Documents/devel/-MQTT_Paho_latest/MQTT_Paho/debug/objects/paho/MQTTSubscribeClient.o
                0x0000000000013c08                MQTTSerialize_subscribe
 .text.MQTTDeserialize_suback
                0x0000000000013d14       0xdc /Users/user/Documents/devel/-MQTT_Paho_latest/MQTT_Paho/debug/objects/paho/MQTTSubscribeClient.o
                0x0000000000013d14                MQTTDeserialize_suback
 .text.case_insensitive_strcmp
                0x0000000000013df0      0x114 /Users/user/Documents/devel/-MQTT_Paho_latest/MQTT_Paho/debug/objects/cJSON/cJSON.o
 .text.cJSON_New_Item
                0x0000000000013f04       0x34 /Users/user/Documents/devel/-MQTT_Paho_latest/MQTT_Paho/debug/objects/cJSON/cJSON.o
 .text.cJSON_Delete
                0x0000000000013f38       0xa0 /Users/user/Documents/devel/-MQTT_Paho_latest/MQTT_Paho/debug/objects/cJSON/cJSON.o
                0x0000000000013f38                cJSON_Delete
 .text.get_decimal_point
                0x0000000000013fd8       0x1c /Users/user/Documents/devel/-MQTT_Paho_latest/MQTT_Paho/debug/objects/cJSON/cJSON.o
 *fill*         0x0000000000013ff4        0x4 00
 .text.parse_number
                0x0000000000013ff8      0x268 /Users/user/Documents/devel/-MQTT_Paho_latest/MQTT_Paho/debug/objects/cJSON/cJSON.o
 .text.parse_hex4
                0x0000000000014260       0xd8 /Users/user/Documents/devel/-MQTT_Paho_latest/MQTT_Paho/debug/objects/cJSON/cJSON.o
 .text.utf16_literal_to_utf8
                0x0000000000014338      0x218 /Users/user/Documents/devel/-MQTT_Paho_latest/MQTT_Paho/debug/objects/cJSON/cJSON.o
 .text.parse_string
                0x0000000000014550      0x3a0 /Users/user/Documents/devel/-MQTT_Paho_latest/MQTT_Paho/debug/objects/cJSON/cJSON.o
 .text.buffer_skip_whitespace
                0x00000000000148f0       0x70 /Users/user/Documents/devel/-MQTT_Paho_latest/MQTT_Paho/debug/objects/cJSON/cJSON.o
 .text.cJSON_ParseWithOpts
                0x0000000000014960      0x168 /Users/user/Documents/devel/-MQTT_Paho_latest/MQTT_Paho/debug/objects/cJSON/cJSON.o
                0x0000000000014960                cJSON_ParseWithOpts
 .text.cJSON_Parse
                0x0000000000014ac8       0x24 /Users/user/Documents/devel/-MQTT_Paho_latest/MQTT_Paho/debug/objects/cJSON/cJSON.o
                0x0000000000014ac8                cJSON_Parse
 .text.parse_value
                0x0000000000014aec      0x204 /Users/user/Documents/devel/-MQTT_Paho_latest/MQTT_Paho/debug/objects/cJSON/cJSON.o
 .text.parse_array
                0x0000000000014cf0      0x198 /Users/user/Documents/devel/-MQTT_Paho_latest/MQTT_Paho/debug/objects/cJSON/cJSON.o
 .text.parse_object
                0x0000000000014e88      0x20c /Users/user/Documents/devel/-MQTT_Paho_latest/MQTT_Paho/debug/objects/cJSON/cJSON.o
 .text.get_object_item
                0x0000000000015094       0x7c /Users/user/Documents/devel/-MQTT_Paho_latest/MQTT_Paho/debug/objects/cJSON/cJSON.o
 .text.cJSON_GetObjectItemCaseSensitive
                0x0000000000015110       0x24 /Users/user/Documents/devel/-MQTT_Paho_latest/MQTT_Paho/debug/objects/cJSON/cJSON.o
                0x0000000000015110                cJSON_GetObjectItemCaseSensitive
 .text          0x0000000000015134       0x98 /Users/user/Documents/devel/-MQTT_Paho_latest/MQTT_Paho/debug/objects/startup_efm32gg.o
                0x0000000000015134                Reset_Handler
                0x0000000000015168                Default_Handler
                0x000000000001516a                NMI_Handler
                0x000000000001516c                HardFault_Handler
                0x000000000001516e                MemManage_Handler
                0x0000000000015170                BusFault_Handler
                0x0000000000015172                UsageFault_Handler
                0x0000000000015176                DebugMon_Handler
                0x000000000001517a                SysTick_Handler
                0x0000000000015186                ACMP0_IRQHandler
                0x000000000001518a                ADC0_IRQHandler
                0x000000000001518c                DAC0_IRQHandler
                0x0000000000015196                TIMER2_IRQHandler
                0x0000000000015198                TIMER3_IRQHandler
                0x000000000001519e                LESENSE_IRQHandler
                0x00000000000151b0                LETIMER0_IRQHandler
                0x00000000000151b2                PCNT0_IRQHandler
                0x00000000000151b4                PCNT1_IRQHandler
                0x00000000000151b6                PCNT2_IRQHandler
                0x00000000000151ba                BURTC_IRQHandler
                0x00000000000151be                VCMP_IRQHandler
                0x00000000000151c0                LCD_IRQHandler
                0x00000000000151c2                MSC_IRQHandler
                0x00000000000151c4                AES_IRQHandler
                0x00000000000151c6                EBI_IRQHandler
                0x00000000000151c8                EMU_IRQHandler
 .text.sl_NetAppStop
                0x00000000000151cc       0x58 ./../Libraries/WiFi/TI/../BCDS_Customization/debug/libWifiLib_efm32_debug.a(netapp.o)
                0x00000000000151cc                sl_NetAppStop
 .text._sl_HandleAsync_DnsGetHostByService
                0x0000000000015224      0x114 ./../Libraries/WiFi/TI/../BCDS_Customization/debug/libWifiLib_efm32_debug.a(netapp.o)
                0x0000000000015224                _sl_HandleAsync_DnsGetHostByService
 .text.sl_NetAppDnsGetHostByName
                0x0000000000015338      0x194 ./../Libraries/WiFi/TI/../BCDS_Customization/debug/libWifiLib_efm32_debug.a(netapp.o)
                0x0000000000015338                sl_NetAppDnsGetHostByName
 .text._sl_HandleAsync_DnsGetHostByName
                0x00000000000154cc      0x108 ./../Libraries/WiFi/TI/../BCDS_Customization/debug/libWifiLib_efm32_debug.a(netapp.o)
                0x00000000000154cc                _sl_HandleAsync_DnsGetHostByName
 .text.CopyPingResultsToReport
                0x00000000000155d4       0x44 ./../Libraries/WiFi/TI/../BCDS_Customization/debug/libWifiLib_efm32_debug.a(netapp.o)
 .text._sl_HandleAsync_PingResponse
                0x0000000000015618       0xf4 ./../Libraries/WiFi/TI/../BCDS_Customization/debug/libWifiLib_efm32_debug.a(netapp.o)
                0x0000000000015618                _sl_HandleAsync_PingResponse
 .text._sl_NetAppSendTokenValue
                0x000000000001570c       0x88 ./../Libraries/WiFi/TI/../BCDS_Customization/debug/libWifiLib_efm32_debug.a(netapp.o)
                0x000000000001570c                _sl_NetAppSendTokenValue
 .text._SlDrvNetAppEventHandler
                0x0000000000015794      0x148 ./../Libraries/WiFi/TI/../BCDS_Customization/debug/libWifiLib_efm32_debug.a(netapp.o)
                0x0000000000015794                _SlDrvNetAppEventHandler
 .text.sl_NetCfgSet
                0x00000000000158dc       0x94 ./../Libraries/WiFi/TI/../BCDS_Customization/debug/libWifiLib_efm32_debug.a(netcfg.o)
                0x00000000000158dc                sl_NetCfgSet
 .text.sl_NetCfgGet
                0x0000000000015970       0xd8 ./../Libraries/WiFi/TI/../BCDS_Customization/debug/libWifiLib_efm32_debug.a(netcfg.o)
                0x0000000000015970                sl_NetCfgGet
 .text._sl_BuildAddress
                0x0000000000015a48       0x60 ./../Libraries/WiFi/TI/../BCDS_Customization/debug/libWifiLib_efm32_debug.a(socket.o)
 .text._sl_TruncatePayloadByProtocol
                0x0000000000015aa8       0x44 ./../Libraries/WiFi/TI/../BCDS_Customization/debug/libWifiLib_efm32_debug.a(socket.o)
 .text.sl_Socket
                0x0000000000015aec       0x7c ./../Libraries/WiFi/TI/../BCDS_Customization/debug/libWifiLib_efm32_debug.a(socket.o)
                0x0000000000015aec                sl_Socket
 .text.sl_Close
                0x0000000000015b68       0x5c ./../Libraries/WiFi/TI/../BCDS_Customization/debug/libWifiLib_efm32_debug.a(socket.o)
                0x0000000000015b68                sl_Close
 .text.sl_Connect
                0x0000000000015bc4      0x1b0 ./../Libraries/WiFi/TI/../BCDS_Customization/debug/libWifiLib_efm32_debug.a(socket.o)
                0x0000000000015bc4                sl_Connect
 .text._sl_HandleAsync_Connect
                0x0000000000015d74       0xd4 ./../Libraries/WiFi/TI/../BCDS_Customization/debug/libWifiLib_efm32_debug.a(socket.o)
                0x0000000000015d74                _sl_HandleAsync_Connect
 .text.sl_Send  0x0000000000015e48      0x124 ./../Libraries/WiFi/TI/../BCDS_Customization/debug/libWifiLib_efm32_debug.a(socket.o)
                0x0000000000015e48                sl_Send
 .text.sl_Htonl
                0x0000000000015f6c       0x58 ./../Libraries/WiFi/TI/../BCDS_Customization/debug/libWifiLib_efm32_debug.a(socket.o)
                0x0000000000015f6c                sl_Htonl
 .text.sl_Htons
                0x0000000000015fc4       0x48 ./../Libraries/WiFi/TI/../BCDS_Customization/debug/libWifiLib_efm32_debug.a(socket.o)
                0x0000000000015fc4                sl_Htons
 .text._sl_HandleAsync_Accept
                0x000000000001600c       0xa8 ./../Libraries/WiFi/TI/../BCDS_Customization/debug/libWifiLib_efm32_debug.a(socket.o)
                0x000000000001600c                _sl_HandleAsync_Accept
 .text._sl_HandleAsync_Select
                0x00000000000160b4       0x94 ./../Libraries/WiFi/TI/../BCDS_Customization/debug/libWifiLib_efm32_debug.a(socket.o)
                0x00000000000160b4                _sl_HandleAsync_Select
 .text.sl_Recv  0x0000000000016148       0x90 ./../Libraries/WiFi/TI/../BCDS_Customization/debug/libWifiLib_efm32_debug.a(socket.o)
                0x0000000000016148                sl_Recv
 .text.sl_Select
                0x00000000000161d8      0x188 ./../Libraries/WiFi/TI/../BCDS_Customization/debug/libWifiLib_efm32_debug.a(socket.o)
                0x00000000000161d8                sl_Select
 .text.SL_FD_SET
                0x0000000000016360       0x30 ./../Libraries/WiFi/TI/../BCDS_Customization/debug/libWifiLib_efm32_debug.a(socket.o)
                0x0000000000016360                SL_FD_SET
 .text.SL_FD_ZERO
                0x0000000000016390       0x1c ./../Libraries/WiFi/TI/../BCDS_Customization/debug/libWifiLib_efm32_debug.a(socket.o)
                0x0000000000016390                SL_FD_ZERO
 .text._SlDrvProtectAsyncRespSetting
                0x00000000000163ac       0x5c ./../Libraries/WiFi/TI/../BCDS_Customization/debug/libWifiLib_efm32_debug.a(driver.o)
                0x00000000000163ac                _SlDrvProtectAsyncRespSetting
 .text._SlDrvDriverCBInit
                0x0000000000016408      0x25c ./../Libraries/WiFi/TI/../BCDS_Customization/debug/libWifiLib_efm32_debug.a(driver.o)
                0x0000000000016408                _SlDrvDriverCBInit
 .text._SlDrvDriverCBDeinit
                0x0000000000016664      0x190 ./../Libraries/WiFi/TI/../BCDS_Customization/debug/libWifiLib_efm32_debug.a(driver.o)
                0x0000000000016664                _SlDrvDriverCBDeinit
 .text._SlDrvRxIrqHandler
                0x00000000000167f4       0x84 ./../Libraries/WiFi/TI/../BCDS_Customization/debug/libWifiLib_efm32_debug.a(driver.o)
                0x00000000000167f4                _SlDrvRxIrqHandler
 .text._SlDrvCmdOp
                0x0000000000016878       0xe4 ./../Libraries/WiFi/TI/../BCDS_Customization/debug/libWifiLib_efm32_debug.a(driver.o)
                0x0000000000016878                _SlDrvCmdOp
 .text._SlDrvDataReadOp
                0x000000000001695c      0x270 ./../Libraries/WiFi/TI/../BCDS_Customization/debug/libWifiLib_efm32_debug.a(driver.o)
                0x000000000001695c                _SlDrvDataReadOp
 .text._SlDrvDataWriteOp
                0x0000000000016bcc      0x1c8 ./../Libraries/WiFi/TI/../BCDS_Customization/debug/libWifiLib_efm32_debug.a(driver.o)
                0x0000000000016bcc                _SlDrvDataWriteOp
 .text._SlDrvMsgWrite
                0x0000000000016d94      0x248 ./../Libraries/WiFi/TI/../BCDS_Customization/debug/libWifiLib_efm32_debug.a(driver.o)
 .text._SlDrvMsgRead
                0x0000000000016fdc      0x7a4 ./../Libraries/WiFi/TI/../BCDS_Customization/debug/libWifiLib_efm32_debug.a(driver.o)
 .text._SlAsyncEventGenericHandler
                0x0000000000017780      0x120 ./../Libraries/WiFi/TI/../BCDS_Customization/debug/libWifiLib_efm32_debug.a(driver.o)
 .text._SlDrvMsgReadCmdCtx
                0x00000000000178a0      0x19c ./../Libraries/WiFi/TI/../BCDS_Customization/debug/libWifiLib_efm32_debug.a(driver.o)
 .text._SlDrvMsgReadSpawnCtx
                0x0000000000017a3c      0x10c ./../Libraries/WiFi/TI/../BCDS_Customization/debug/libWifiLib_efm32_debug.a(driver.o)
                0x0000000000017a3c                _SlDrvMsgReadSpawnCtx
 .text._SlDrvClassifyRxMsg
                0x0000000000017b48       0xf0 ./../Libraries/WiFi/TI/../BCDS_Customization/debug/libWifiLib_efm32_debug.a(driver.o)
 .text._SlDrvRxHdrRead
                0x0000000000017c38      0x2d4 ./../Libraries/WiFi/TI/../BCDS_Customization/debug/libWifiLib_efm32_debug.a(driver.o)
 .text._SlDrvCmdSend
                0x0000000000017f0c       0x9c ./../Libraries/WiFi/TI/../BCDS_Customization/debug/libWifiLib_efm32_debug.a(driver.o)
                0x0000000000017f0c                _SlDrvCmdSend
 .text._SlDrvWaitForPoolObj
                0x0000000000017fa8      0x254 ./../Libraries/WiFi/TI/../BCDS_Customization/debug/libWifiLib_efm32_debug.a(driver.o)
                0x0000000000017fa8                _SlDrvWaitForPoolObj
 .text._SlDrvReleasePoolObj
                0x00000000000181fc      0x2fc ./../Libraries/WiFi/TI/../BCDS_Customization/debug/libWifiLib_efm32_debug.a(driver.o)
                0x00000000000181fc                _SlDrvReleasePoolObj
 .text._SlRemoveFromList
                0x00000000000184f8      0x114 ./../Libraries/WiFi/TI/../BCDS_Customization/debug/libWifiLib_efm32_debug.a(driver.o)
 .text._SlFindAndSetActiveObj
                0x000000000001860c      0x1f4 ./../Libraries/WiFi/TI/../BCDS_Customization/debug/libWifiLib_efm32_debug.a(driver.o)
 .text._SlDrvDispatchHttpServerEvents
                0x0000000000018800       0x1c ./../Libraries/WiFi/TI/../BCDS_Customization/debug/libWifiLib_efm32_debug.a(driver.o)
                0x0000000000018800                _SlDrvDispatchHttpServerEvents
 .text._SlDrvSyncObjSignal
                0x000000000001881c       0x30 ./../Libraries/WiFi/TI/../BCDS_Customization/debug/libWifiLib_efm32_debug.a(driver.o)
                0x000000000001881c                _SlDrvSyncObjSignal
 .text._SlDrvObjLockWaitForever
                0x000000000001884c       0x34 ./../Libraries/WiFi/TI/../BCDS_Customization/debug/libWifiLib_efm32_debug.a(driver.o)
                0x000000000001884c                _SlDrvObjLockWaitForever
 .text._SlDrvProtectionObjLockWaitForever
                0x0000000000018880       0x40 ./../Libraries/WiFi/TI/../BCDS_Customization/debug/libWifiLib_efm32_debug.a(driver.o)
                0x0000000000018880                _SlDrvProtectionObjLockWaitForever
 .text._SlDrvObjUnLock
                0x00000000000188c0       0x30 ./../Libraries/WiFi/TI/../BCDS_Customization/debug/libWifiLib_efm32_debug.a(driver.o)
                0x00000000000188c0                _SlDrvObjUnLock
 .text._SlDrvProtectionObjUnLock
                0x00000000000188f0       0x3c ./../Libraries/WiFi/TI/../BCDS_Customization/debug/libWifiLib_efm32_debug.a(driver.o)
                0x00000000000188f0                _SlDrvProtectionObjUnLock
 .text._SlDrvObjGlobalLockWaitForever
                0x000000000001892c       0x3c ./../Libraries/WiFi/TI/../BCDS_Customization/debug/libWifiLib_efm32_debug.a(driver.o)
 .text._SlDrvGlobalObjUnLock
                0x0000000000018968       0x3c ./../Libraries/WiFi/TI/../BCDS_Customization/debug/libWifiLib_efm32_debug.a(driver.o)
                0x0000000000018968                _SlDrvGlobalObjUnLock
 .text._SlDrvMemZero
                0x00000000000189a4       0x24 ./../Libraries/WiFi/TI/../BCDS_Customization/debug/libWifiLib_efm32_debug.a(driver.o)
                0x00000000000189a4                _SlDrvMemZero
 .text._SlDrvResetCmdExt
                0x00000000000189c8       0x1c ./../Libraries/WiFi/TI/../BCDS_Customization/debug/libWifiLib_efm32_debug.a(driver.o)
                0x00000000000189c8                _SlDrvResetCmdExt
 .text._SlDrvSyncObjWaitForever
                0x00000000000189e4       0x38 ./../Libraries/WiFi/TI/../BCDS_Customization/debug/libWifiLib_efm32_debug.a(driver.o)
                0x00000000000189e4                _SlDrvSyncObjWaitForever
 .text._SlDrvSyncObjWaitTimeout
                0x0000000000018a1c       0x58 ./../Libraries/WiFi/TI/../BCDS_Customization/debug/libWifiLib_efm32_debug.a(driver.o)
                0x0000000000018a1c                _SlDrvSyncObjWaitTimeout
 .text._SlDriverHandleError
                0x0000000000018a74       0xb4 ./../Libraries/WiFi/TI/../BCDS_Customization/debug/libWifiLib_efm32_debug.a(driver.o)
                0x0000000000018a74                _SlDriverHandleError
 .text._sl_GetStartResponseConvert
                0x0000000000018b28       0x28 ./../Libraries/WiFi/TI/../BCDS_Customization/debug/libWifiLib_efm32_debug.a(device.o)
 .text.sl_Start
                0x0000000000018b50      0x130 ./../Libraries/WiFi/TI/../BCDS_Customization/debug/libWifiLib_efm32_debug.a(device.o)
                0x0000000000018b50                sl_Start
 .text._sl_HandleAsync_InitComplete
                0x0000000000018c80       0xe8 ./../Libraries/WiFi/TI/../BCDS_Customization/debug/libWifiLib_efm32_debug.a(device.o)
                0x0000000000018c80                _sl_HandleAsync_InitComplete
 .text._sl_HandleAsync_Stop
                0x0000000000018d68       0x90 ./../Libraries/WiFi/TI/../BCDS_Customization/debug/libWifiLib_efm32_debug.a(device.o)
                0x0000000000018d68                _sl_HandleAsync_Stop
 .text.sl_Stop  0x0000000000018df8      0x110 ./../Libraries/WiFi/TI/../BCDS_Customization/debug/libWifiLib_efm32_debug.a(device.o)
                0x0000000000018df8                sl_Stop
 .text._SlDrvDeviceEventHandler
                0x0000000000018f08       0xb8 ./../Libraries/WiFi/TI/../BCDS_Customization/debug/libWifiLib_efm32_debug.a(device.o)
                0x0000000000018f08                _SlDrvDeviceEventHandler
 .text.NetworkConfig_SlNetAppEvtHdlr
                0x0000000000018fc0       0xa0 ./../Platform/Wlan/debug/libWlan_efm32_debug.a(NetworkConfig.o)
                0x0000000000018fc0                NetworkConfig_SlNetAppEvtHdlr
 .text.NetworkConfig_GetIpStatus
                0x0000000000019060       0x18 ./../Platform/Wlan/debug/libWlan_efm32_debug.a(NetworkConfig.o)
                0x0000000000019060                NetworkConfig_GetIpStatus
 .text.NetworkConfig_SetIpStatus
                0x0000000000019078       0x20 ./../Platform/Wlan/debug/libWlan_efm32_debug.a(NetworkConfig.o)
                0x0000000000019078                NetworkConfig_SetIpStatus
 .text.NetworkConfig_GetIpSettings
                0x0000000000019098       0xc0 ./../Platform/Wlan/debug/libWlan_efm32_debug.a(NetworkConfig.o)
                0x0000000000019098                NetworkConfig_GetIpSettings
 .text.NetworkConfig_SetIpDhcp
                0x0000000000019158       0xb4 ./../Platform/Wlan/debug/libWlan_efm32_debug.a(NetworkConfig.o)
                0x0000000000019158                NetworkConfig_SetIpDhcp
 .text.connectNonBlockingCall
                0x000000000001920c      0x18c ./../Platform/Wlan/debug/libWlan_efm32_debug.a(WlanConnect.o)
 .text.connectBlockingCall
                0x0000000000019398       0xd0 ./../Platform/Wlan/debug/libWlan_efm32_debug.a(WlanConnect.o)
 .text.WlanConnect_SlGeneralEventHdlr
                0x0000000000019468       0x9c ./../Platform/Wlan/debug/libWlan_efm32_debug.a(WlanConnect.o)
                0x0000000000019468                WlanConnect_SlGeneralEventHdlr
 .text.WlanConnect_SLWlanEventHdlr
                0x0000000000019504       0x6c ./../Platform/Wlan/debug/libWlan_efm32_debug.a(WlanConnect.o)
                0x0000000000019504                WlanConnect_SLWlanEventHdlr
 .text.WlanConnect_GetInitStatus
                0x0000000000019570       0x18 ./../Platform/Wlan/debug/libWlan_efm32_debug.a(WlanConnect.o)
                0x0000000000019570                WlanConnect_GetInitStatus
 .text.WlanConnect_Init
                0x0000000000019588       0xf4 ./../Platform/Wlan/debug/libWlan_efm32_debug.a(WlanConnect.o)
                0x0000000000019588                WlanConnect_Init
 .text.NonBlockingTimer
                0x000000000001967c       0xb0 ./../Platform/Wlan/debug/libWlan_efm32_debug.a(WlanConnect.o)
                0x000000000001967c                NonBlockingTimer
 .text.WlanConnect_WPA
                0x000000000001972c       0xe0 ./../Platform/Wlan/debug/libWlan_efm32_debug.a(WlanConnect.o)
                0x000000000001972c                WlanConnect_WPA
 .text.BITBAND_Peripheral
                0x000000000001980c       0x30 ./../Platform/Wlan/debug/libWlan_efm32_debug.a(WlanDriver.o)
 .text.GPIO_IntClear
                0x000000000001983c       0x20 ./../Platform/Wlan/debug/libWlan_efm32_debug.a(WlanDriver.o)
 .text.GPIO_PinOutClear
                0x000000000001985c       0x4c ./../Platform/Wlan/debug/libWlan_efm32_debug.a(WlanDriver.o)
 .text.GPIO_PinOutSet
                0x00000000000198a8       0x4c ./../Platform/Wlan/debug/libWlan_efm32_debug.a(WlanDriver.o)
 .text.OsTime2Tick
                0x00000000000198f4       0x44 ./../Platform/Wlan/debug/libWlan_efm32_debug.a(WlanDriver.o)
 .text.DelayAPI
                0x0000000000019938       0x48 ./../Platform/Wlan/debug/libWlan_efm32_debug.a(WlanDriver.o)
 .text.CreateSpawnQAndTask
                0x0000000000019980       0x98 ./../Platform/Wlan/debug/libWlan_efm32_debug.a(WlanDriver.o)
 .text.WifiInterruptCallback
                0x0000000000019a18       0x24 ./../Platform/Wlan/debug/libWlan_efm32_debug.a(WlanDriver.o)
 .text.WlanDriver_Init
                0x0000000000019a3c       0xc8 ./../Platform/Wlan/debug/libWlan_efm32_debug.a(WlanDriver.o)
                0x0000000000019a3c                WlanDriver_Init
 .text.WlanDriver_RegInterruptHdlr
                0x0000000000019b04       0x34 ./../Platform/Wlan/debug/libWlan_efm32_debug.a(WlanDriver.o)
                0x0000000000019b04                WlanDriver_RegInterruptHdlr
 .text.WlanDriver_DeviceDisable
                0x0000000000019b38       0x14 ./../Platform/Wlan/debug/libWlan_efm32_debug.a(WlanDriver.o)
                0x0000000000019b38                WlanDriver_DeviceDisable
 .text.WlanDriver_DeviceEnable
                0x0000000000019b4c       0x14 ./../Platform/Wlan/debug/libWlan_efm32_debug.a(WlanDriver.o)
                0x0000000000019b4c                WlanDriver_DeviceEnable
 .text.WlanDriver_InterruptEnable
                0x0000000000019b60       0x1c ./../Platform/Wlan/debug/libWlan_efm32_debug.a(WlanDriver.o)
                0x0000000000019b60                WlanDriver_InterruptEnable
 .text.WlanDriver_InterruptDisable
                0x0000000000019b7c       0x1c ./../Platform/Wlan/debug/libWlan_efm32_debug.a(WlanDriver.o)
                0x0000000000019b7c                WlanDriver_InterruptDisable
 .text.WlanDriver_SlHttpServerCb
                0x0000000000019b98       0x14 ./../Platform/Wlan/debug/libWlan_efm32_debug.a(WlanDriver.o)
                0x0000000000019b98                WlanDriver_SlHttpServerCb
 .text.WlanDriver_SpiClose
                0x0000000000019bac       0x3c ./../Platform/Wlan/debug/libWlan_efm32_debug.a(WlanDriver.o)
                0x0000000000019bac                WlanDriver_SpiClose
 .text.WlanDriver_SpiOpen
                0x0000000000019be8       0xe0 ./../Platform/Wlan/debug/libWlan_efm32_debug.a(WlanDriver.o)
                0x0000000000019be8                WlanDriver_SpiOpen
 .text.WlanDriver_SpiWrite
                0x0000000000019cc8       0x60 ./../Platform/Wlan/debug/libWlan_efm32_debug.a(WlanDriver.o)
                0x0000000000019cc8                WlanDriver_SpiWrite
 .text.WlanDriver_SpiRead
                0x0000000000019d28       0x58 ./../Platform/Wlan/debug/libWlan_efm32_debug.a(WlanDriver.o)
                0x0000000000019d28                WlanDriver_SpiRead
 .text.WlanDriver_OsSyncObjectCreate
                0x0000000000019d80       0x3c ./../Platform/Wlan/debug/libWlan_efm32_debug.a(WlanDriver.o)
                0x0000000000019d80                WlanDriver_OsSyncObjectCreate
 .text.WlanDriver_OsSyncObjectDelete
                0x0000000000019dbc       0x30 ./../Platform/Wlan/debug/libWlan_efm32_debug.a(WlanDriver.o)
                0x0000000000019dbc                WlanDriver_OsSyncObjectDelete
 .text.WlanDriver_OsSyncObjectSignal
                0x0000000000019dec       0x3c ./../Platform/Wlan/debug/libWlan_efm32_debug.a(WlanDriver.o)
                0x0000000000019dec                WlanDriver_OsSyncObjectSignal
 .text.WlanDriver_OsSyncSignalFromISR
                0x0000000000019e28       0x5c ./../Platform/Wlan/debug/libWlan_efm32_debug.a(WlanDriver.o)
                0x0000000000019e28                WlanDriver_OsSyncSignalFromISR
 .text.WlanDriver_OsSyncObjectWait
                0x0000000000019e84       0x4c ./../Platform/Wlan/debug/libWlan_efm32_debug.a(WlanDriver.o)
                0x0000000000019e84                WlanDriver_OsSyncObjectWait
 .text.WlanDriver_OsLockObjectCreate
                0x0000000000019ed0       0x34 ./../Platform/Wlan/debug/libWlan_efm32_debug.a(WlanDriver.o)
                0x0000000000019ed0                WlanDriver_OsLockObjectCreate
 .text.WlanDriver_OsLockObjectDelete
                0x0000000000019f04       0x2c ./../Platform/Wlan/debug/libWlan_efm32_debug.a(WlanDriver.o)
                0x0000000000019f04                WlanDriver_OsLockObjectDelete
 .text.WlanDriver_OsLockObjectWait
                0x0000000000019f30       0x40 ./../Platform/Wlan/debug/libWlan_efm32_debug.a(WlanDriver.o)
                0x0000000000019f30                WlanDriver_OsLockObjectWait
 .text.WlanDriver_OsLockUnlock
                0x0000000000019f70       0x44 ./../Platform/Wlan/debug/libWlan_efm32_debug.a(WlanDriver.o)
                0x0000000000019f70                WlanDriver_OsLockUnlock
 .text.WlanDriver_SimpleLinkSpawnTask
                0x0000000000019fb4       0x68 ./../Platform/Wlan/debug/libWlan_efm32_debug.a(WlanDriver.o)
                0x0000000000019fb4                WlanDriver_SimpleLinkSpawnTask
 .text.WlanDriver_OsiSpawn
                0x000000000001a01c       0xa4 ./../Platform/Wlan/debug/libWlan_efm32_debug.a(WlanDriver.o)
                0x000000000001a01c                WlanDriver_OsiSpawn
 .text.Ip_convertAddrToString
                0x000000000001a0c0       0x4c ./../Platform/ServalPAL_WiFi/release/libServalPalWifi_efm32.a(PAL_ip_cc.o)
                0x000000000001a0c0                Ip_convertAddrToString
 .text.Ip_getMyIpAddr
                0x000000000001a10c       0x2c ./../Platform/ServalPAL_WiFi/release/libServalPalWifi_efm32.a(PAL_ip_cc.o)
                0x000000000001a10c                Ip_getMyIpAddr
 .text.Basics_htonl
                0x000000000001a138       0x1c ./../Platform/ServalPAL_WiFi/release/libServalPalWifi_efm32.a(PAL_ip_cc.o)
                0x000000000001a138                Basics_htonl
 .text.Retcode_getPackage
                0x000000000001a154       0x1c ./../Platform/Sensors/debug/libSensors_efm32_debug.a(Environmental.o)
 .text.bme280LibErrorMapping
                0x000000000001a170       0x48 ./../Platform/Sensors/debug/libSensors_efm32_debug.a(Environmental.o)
 .text.Environmental_init
                0x000000000001a1b8       0xa4 ./../Platform/Sensors/debug/libSensors_efm32_debug.a(Environmental.o)
                0x000000000001a1b8                Environmental_init
 .text.Environmental_readData
                0x000000000001a25c       0xe0 ./../Platform/Sensors/debug/libSensors_efm32_debug.a(Environmental.o)
                0x000000000001a25c                Environmental_readData
 .text.Retcode_getPackage
                0x000000000001a33c       0x1c ./../Platform/Sensors/debug/libSensors_efm32_debug.a(Gyroscope.o)
 .text.bmg160LibErrorMapping
                0x000000000001a358       0x48 ./../Platform/Sensors/debug/libSensors_efm32_debug.a(Gyroscope.o)
 .text.BMI160_libErrorMapping
                0x000000000001a3a0       0x48 ./../Platform/Sensors/debug/libSensors_efm32_debug.a(Gyroscope.o)
 .text.Gyroscope_init
                0x000000000001a3e8       0xd0 ./../Platform/Sensors/debug/libSensors_efm32_debug.a(Gyroscope.o)
                0x000000000001a3e8                Gyroscope_init
 .text.Gyroscope_readXyzDegreeValue
                0x000000000001a4b8      0x4dc ./../Platform/Sensors/debug/libSensors_efm32_debug.a(Gyroscope.o)
                0x000000000001a4b8                Gyroscope_readXyzDegreeValue
 .text.Retcode_getPackage
                0x000000000001a994       0x1c ./../Platform/Sensors/debug/libSensors_efm32_debug.a(Accelerometer.o)
 .text.bma2x2LibErrorMapping
                0x000000000001a9b0       0x48 ./../Platform/Sensors/debug/libSensors_efm32_debug.a(Accelerometer.o)
 .text.bmi160LibErrorMapping
                0x000000000001a9f8       0x48 ./../Platform/Sensors/debug/libSensors_efm32_debug.a(Accelerometer.o)
 .text.Accelerometer_init
                0x000000000001aa40       0xd0 ./../Platform/Sensors/debug/libSensors_efm32_debug.a(Accelerometer.o)
                0x000000000001aa40                Accelerometer_init
 .text.Accelerometer_readXyzGValue
                0x000000000001ab10      0x3a8 ./../Platform/Sensors/debug/libSensors_efm32_debug.a(Accelerometer.o)
                0x000000000001ab10                Accelerometer_readXyzGValue
 .text.Retcode_getPackage
                0x000000000001aeb8       0x1c ./../Platform/Sensors/debug/libSensors_efm32_debug.a(LightSensor.o)
 .text.LightSensor_init
                0x000000000001aed4       0xa4 ./../Platform/Sensors/debug/libSensors_efm32_debug.a(LightSensor.o)
                0x000000000001aed4                LightSensor_init
 .text.LightSensor_setManualMode
                0x000000000001af78       0xbc ./../Platform/Sensors/debug/libSensors_efm32_debug.a(LightSensor.o)
                0x000000000001af78                LightSensor_setManualMode
 .text.LightSensor_readLuxData
                0x000000000001b034       0xb8 ./../Platform/Sensors/debug/libSensors_efm32_debug.a(LightSensor.o)
                0x000000000001b034                LightSensor_readLuxData
 .text.Retcode_getPackage
                0x000000000001b0ec       0x1c ./../Platform/Sensors/debug/libSensors_efm32_debug.a(Magnetometer.o)
 .text.bmm150LibErrorMapping
                0x000000000001b108       0x48 ./../Platform/Sensors/debug/libSensors_efm32_debug.a(Magnetometer.o)
 .text.readMagData
                0x000000000001b150       0x80 ./../Platform/Sensors/debug/libSensors_efm32_debug.a(Magnetometer.o)
 .text.Magnetometer_init
                0x000000000001b1d0       0xa4 ./../Platform/Sensors/debug/libSensors_efm32_debug.a(Magnetometer.o)
                0x000000000001b1d0                Magnetometer_init
 .text.Magnetometer_setPowerMode
                0x000000000001b274       0xd8 ./../Platform/Sensors/debug/libSensors_efm32_debug.a(Magnetometer.o)
                0x000000000001b274                Magnetometer_setPowerMode
 .text.Magnetometer_readXyzTeslaData
                0x000000000001b34c      0x124 ./../Platform/Sensors/debug/libSensors_efm32_debug.a(Magnetometer.o)
                0x000000000001b34c                Magnetometer_readXyzTeslaData
 .text.Retcode_getPackage
                0x000000000001b470       0x1c ./../Platform/SensorUtils/debug/libSensorUtils_efm32_debug.a(Bma280Utils.o)
 .text.GPIO_PinOutSet
                0x000000000001b48c       0x4c ./../Platform/SensorUtils/debug/libSensorUtils_efm32_debug.a(Bma280Utils.o)
 .text.libErrorMapping
                0x000000000001b4d8       0x48 ./../Platform/SensorUtils/debug/libSensorUtils_efm32_debug.a(Bma280Utils.o)
 .text.Bma280Utils_initialize
                0x000000000001b520      0x27c ./../Platform/SensorUtils/debug/libSensorUtils_efm32_debug.a(Bma280Utils.o)
                0x000000000001b520                Bma280Utils_initialize
 .text.Bma280Utils_remapAxis
                0x000000000001b79c       0xb0 ./../Platform/SensorUtils/debug/libSensorUtils_efm32_debug.a(Bma280Utils.o)
                0x000000000001b79c                Bma280Utils_remapAxis
 .text.AxisRemap_remapSensorData
                0x000000000001b84c      0x184 ./../Platform/SensorUtils/debug/libSensorUtils_efm32_debug.a(AxisRemap.o)
                0x000000000001b84c                AxisRemap_remapSensorData
 .text.Retcode_getPackage
                0x000000000001b9d0       0x1c ./../Platform/SensorUtils/debug/libSensorUtils_efm32_debug.a(Bmi160Utils.o)
 .text.GPIO_PinOutSet
                0x000000000001b9ec       0x4c ./../Platform/SensorUtils/debug/libSensorUtils_efm32_debug.a(Bmi160Utils.o)
 .text.libErrorMapping
                0x000000000001ba38       0x48 ./../Platform/SensorUtils/debug/libSensorUtils_efm32_debug.a(Bmi160Utils.o)
 .text.Bmi160Utils_initialize
                0x000000000001ba80      0x294 ./../Platform/SensorUtils/debug/libSensorUtils_efm32_debug.a(Bmi160Utils.o)
                0x000000000001ba80                Bmi160Utils_initialize
 .text.Bmi160Utils_remapAxis
                0x000000000001bd14       0xb0 ./../Platform/SensorUtils/debug/libSensorUtils_efm32_debug.a(Bmi160Utils.o)
                0x000000000001bd14                Bmi160Utils_remapAxis
 .text.Retcode_getPackage
                0x000000000001bdc4       0x1c ./../Platform/SensorUtils/debug/libSensorUtils_efm32_debug.a(Bmg160Utils.o)
 .text.GPIO_PinOutSet
                0x000000000001bde0       0x4c ./../Platform/SensorUtils/debug/libSensorUtils_efm32_debug.a(Bmg160Utils.o)
 .text.libErrorMapping
                0x000000000001be2c       0x48 ./../Platform/SensorUtils/debug/libSensorUtils_efm32_debug.a(Bmg160Utils.o)
 .text.Bmg160Utils_initialize
                0x000000000001be74      0x25c ./../Platform/SensorUtils/debug/libSensorUtils_efm32_debug.a(Bmg160Utils.o)
                0x000000000001be74                Bmg160Utils_initialize
 .text.Bmg160Utils_remapAxis
                0x000000000001c0d0       0xb0 ./../Platform/SensorUtils/debug/libSensorUtils_efm32_debug.a(Bmg160Utils.o)
                0x000000000001c0d0                Bmg160Utils_remapAxis
 .text.Retcode_getPackage
                0x000000000001c180       0x1c ./../Platform/SensorUtils/debug/libSensorUtils_efm32_debug.a(Bme280Utils.o)
 .text.GPIO_PinOutSet
                0x000000000001c19c       0x4c ./../Platform/SensorUtils/debug/libSensorUtils_efm32_debug.a(Bme280Utils.o)
 .text.libErrorMapping
                0x000000000001c1e8       0x48 ./../Platform/SensorUtils/debug/libSensorUtils_efm32_debug.a(Bme280Utils.o)
 .text.Bme280Utils_initialize
                0x000000000001c230      0x20c ./../Platform/SensorUtils/debug/libSensorUtils_efm32_debug.a(Bme280Utils.o)
                0x000000000001c230                Bme280Utils_initialize
 .text.Retcode_getPackage
                0x000000000001c43c       0x1c ./../Platform/SensorUtils/debug/libSensorUtils_efm32_debug.a(Bmm150Utils.o)
 .text.GPIO_PinOutSet
                0x000000000001c458       0x4c ./../Platform/SensorUtils/debug/libSensorUtils_efm32_debug.a(Bmm150Utils.o)
 .text.libErrorMapping
                0x000000000001c4a4       0x48 ./../Platform/SensorUtils/debug/libSensorUtils_efm32_debug.a(Bmm150Utils.o)
 .text.Bmm150Utils_initialize
                0x000000000001c4ec      0x1bc ./../Platform/SensorUtils/debug/libSensorUtils_efm32_debug.a(Bmm150Utils.o)
                0x000000000001c4ec                Bmm150Utils_initialize
 .text.Bmm150Utils_remapAxis
                0x000000000001c6a8       0xb0 ./../Platform/SensorUtils/debug/libSensorUtils_efm32_debug.a(Bmm150Utils.o)
                0x000000000001c6a8                Bmm150Utils_remapAxis
 .text.Retcode_getPackage
                0x000000000001c758       0x1c ./../Platform/SensorUtils/debug/libSensorUtils_efm32_debug.a(Max44009Utils.o)
 .text.GPIO_PinOutSet
                0x000000000001c774       0x4c ./../Platform/SensorUtils/debug/libSensorUtils_efm32_debug.a(Max44009Utils.o)
 .text.libErrorMapping
                0x000000000001c7c0       0x40 ./../Platform/SensorUtils/debug/libSensorUtils_efm32_debug.a(Max44009Utils.o)
 .text.Max44009Utils_initialize
                0x000000000001c800      0x238 ./../Platform/SensorUtils/debug/libSensorUtils_efm32_debug.a(Max44009Utils.o)
                0x000000000001c800                Max44009Utils_initialize
 .text.xQueueGenericReset
                0x000000000001ca38       0xc8 ./../Libraries/FreeRTOS/FreeRTOS/../BCDS_Customization/debug/libFreeRTOS_efm32_debug.a(queue.o)
                0x000000000001ca38                xQueueGenericReset
 .text.xQueueGenericCreate
                0x000000000001cb00       0x90 ./../Libraries/FreeRTOS/FreeRTOS/../BCDS_Customization/debug/libFreeRTOS_efm32_debug.a(queue.o)
                0x000000000001cb00                xQueueGenericCreate
 .text.xQueueCreateMutex
                0x000000000001cb90       0xb0 ./../Libraries/FreeRTOS/FreeRTOS/../BCDS_Customization/debug/libFreeRTOS_efm32_debug.a(queue.o)
                0x000000000001cb90                xQueueCreateMutex
 .text.xQueueGenericSend
                0x000000000001cc40      0x19c ./../Libraries/FreeRTOS/FreeRTOS/../BCDS_Customization/debug/libFreeRTOS_efm32_debug.a(queue.o)
                0x000000000001cc40                xQueueGenericSend
 .text.xQueueGenericSendFromISR
                0x000000000001cddc       0xec ./../Libraries/FreeRTOS/FreeRTOS/../BCDS_Customization/debug/libFreeRTOS_efm32_debug.a(queue.o)
                0x000000000001cddc                xQueueGenericSendFromISR
 .text.xQueueGenericReceive
                0x000000000001cec8      0x1e0 ./../Libraries/FreeRTOS/FreeRTOS/../BCDS_Customization/debug/libFreeRTOS_efm32_debug.a(queue.o)
                0x000000000001cec8                xQueueGenericReceive
 .text.xQueueReceiveFromISR
                0x000000000001d0a8       0xcc ./../Libraries/FreeRTOS/FreeRTOS/../BCDS_Customization/debug/libFreeRTOS_efm32_debug.a(queue.o)
                0x000000000001d0a8                xQueueReceiveFromISR
 .text.vQueueDelete
                0x000000000001d174       0x48 ./../Libraries/FreeRTOS/FreeRTOS/../BCDS_Customization/debug/libFreeRTOS_efm32_debug.a(queue.o)
                0x000000000001d174                vQueueDelete
 .text.prvCopyDataToQueue
                0x000000000001d1bc       0xdc ./../Libraries/FreeRTOS/FreeRTOS/../BCDS_Customization/debug/libFreeRTOS_efm32_debug.a(queue.o)
 .text.prvCopyDataFromQueue
                0x000000000001d298       0x50 ./../Libraries/FreeRTOS/FreeRTOS/../BCDS_Customization/debug/libFreeRTOS_efm32_debug.a(queue.o)
 .text.prvUnlockQueue
                0x000000000001d2e8       0xa0 ./../Libraries/FreeRTOS/FreeRTOS/../BCDS_Customization/debug/libFreeRTOS_efm32_debug.a(queue.o)
 .text.prvIsQueueEmpty
                0x000000000001d388       0x34 ./../Libraries/FreeRTOS/FreeRTOS/../BCDS_Customization/debug/libFreeRTOS_efm32_debug.a(queue.o)
 .text.prvIsQueueFull
                0x000000000001d3bc       0x38 ./../Libraries/FreeRTOS/FreeRTOS/../BCDS_Customization/debug/libFreeRTOS_efm32_debug.a(queue.o)
 .text.vQueueAddToRegistry
                0x000000000001d3f4       0x64 ./../Libraries/FreeRTOS/FreeRTOS/../BCDS_Customization/debug/libFreeRTOS_efm32_debug.a(queue.o)
                0x000000000001d3f4                vQueueAddToRegistry
 .text.vQueueUnregisterQueue
                0x000000000001d458       0x54 ./../Libraries/FreeRTOS/FreeRTOS/../BCDS_Customization/debug/libFreeRTOS_efm32_debug.a(queue.o)
                0x000000000001d458                vQueueUnregisterQueue
 .text.vQueueWaitForMessageRestricted
                0x000000000001d4ac       0x60 ./../Libraries/FreeRTOS/FreeRTOS/../BCDS_Customization/debug/libFreeRTOS_efm32_debug.a(queue.o)
                0x000000000001d4ac                vQueueWaitForMessageRestricted
 .text.xTaskGenericCreate
                0x000000000001d50c      0x1d0 ./../Libraries/FreeRTOS/FreeRTOS/../BCDS_Customization/debug/libFreeRTOS_efm32_debug.a(tasks.o)
                0x000000000001d50c                xTaskGenericCreate
 .text.vTaskDelay
                0x000000000001d6dc       0x78 ./../Libraries/FreeRTOS/FreeRTOS/../BCDS_Customization/debug/libFreeRTOS_efm32_debug.a(tasks.o)
                0x000000000001d6dc                vTaskDelay
 .text.vTaskStartScheduler
                0x000000000001d754       0x94 ./../Libraries/FreeRTOS/FreeRTOS/../BCDS_Customization/debug/libFreeRTOS_efm32_debug.a(tasks.o)
                0x000000000001d754                vTaskStartScheduler
 .text.vTaskSuspendAll
                0x000000000001d7e8       0x24 ./../Libraries/FreeRTOS/FreeRTOS/../BCDS_Customization/debug/libFreeRTOS_efm32_debug.a(tasks.o)
                0x000000000001d7e8                vTaskSuspendAll
 .text.xTaskResumeAll
                0x000000000001d80c      0x17c ./../Libraries/FreeRTOS/FreeRTOS/../BCDS_Customization/debug/libFreeRTOS_efm32_debug.a(tasks.o)
                0x000000000001d80c                xTaskResumeAll
 .text.xTaskGetTickCount
                0x000000000001d988       0x28 ./../Libraries/FreeRTOS/FreeRTOS/../BCDS_Customization/debug/libFreeRTOS_efm32_debug.a(tasks.o)
                0x000000000001d988                xTaskGetTickCount
 .text.xTaskIncrementTick
                0x000000000001d9b0      0x208 ./../Libraries/FreeRTOS/FreeRTOS/../BCDS_Customization/debug/libFreeRTOS_efm32_debug.a(tasks.o)
                0x000000000001d9b0                xTaskIncrementTick
 .text.vTaskSwitchContext
                0x000000000001dbb8      0x16c ./../Libraries/FreeRTOS/FreeRTOS/../BCDS_Customization/debug/libFreeRTOS_efm32_debug.a(tasks.o)
                0x000000000001dbb8                vTaskSwitchContext
 .text.vTaskPlaceOnEventList
                0x000000000001dd24       0x90 ./../Libraries/FreeRTOS/FreeRTOS/../BCDS_Customization/debug/libFreeRTOS_efm32_debug.a(tasks.o)
                0x000000000001dd24                vTaskPlaceOnEventList
 .text.vTaskPlaceOnEventListRestricted
                0x000000000001ddb4       0x68 ./../Libraries/FreeRTOS/FreeRTOS/../BCDS_Customization/debug/libFreeRTOS_efm32_debug.a(tasks.o)
                0x000000000001ddb4                vTaskPlaceOnEventListRestricted
 .text.xTaskRemoveFromEventList
                0x000000000001de1c       0xe8 ./../Libraries/FreeRTOS/FreeRTOS/../BCDS_Customization/debug/libFreeRTOS_efm32_debug.a(tasks.o)
                0x000000000001de1c                xTaskRemoveFromEventList
 .text.vTaskSetTimeOutState
                0x000000000001df04       0x44 ./../Libraries/FreeRTOS/FreeRTOS/../BCDS_Customization/debug/libFreeRTOS_efm32_debug.a(tasks.o)
                0x000000000001df04                vTaskSetTimeOutState
 .text.xTaskCheckForTimeOut
                0x000000000001df48       0xc4 ./../Libraries/FreeRTOS/FreeRTOS/../BCDS_Customization/debug/libFreeRTOS_efm32_debug.a(tasks.o)
                0x000000000001df48                xTaskCheckForTimeOut
 .text.vTaskMissedYield
                0x000000000001e00c       0x18 ./../Libraries/FreeRTOS/FreeRTOS/../BCDS_Customization/debug/libFreeRTOS_efm32_debug.a(tasks.o)
                0x000000000001e00c                vTaskMissedYield
 .text.prvIdleTask
                0x000000000001e024       0x10 ./../Libraries/FreeRTOS/FreeRTOS/../BCDS_Customization/debug/libFreeRTOS_efm32_debug.a(tasks.o)
 .text.prvInitialiseTCBVariables
                0x000000000001e034       0xa0 ./../Libraries/FreeRTOS/FreeRTOS/../BCDS_Customization/debug/libFreeRTOS_efm32_debug.a(tasks.o)
 .text.prvInitialiseTaskLists
                0x000000000001e0d4       0xa4 ./../Libraries/FreeRTOS/FreeRTOS/../BCDS_Customization/debug/libFreeRTOS_efm32_debug.a(tasks.o)
 .text.prvCheckTasksWaitingTermination
                0x000000000001e178       0x9c ./../Libraries/FreeRTOS/FreeRTOS/../BCDS_Customization/debug/libFreeRTOS_efm32_debug.a(tasks.o)
 .text.prvAddCurrentTaskToDelayedList
                0x000000000001e214       0x8c ./../Libraries/FreeRTOS/FreeRTOS/../BCDS_Customization/debug/libFreeRTOS_efm32_debug.a(tasks.o)
 .text.prvAllocateTCBAndStack
                0x000000000001e2a0       0x70 ./../Libraries/FreeRTOS/FreeRTOS/../BCDS_Customization/debug/libFreeRTOS_efm32_debug.a(tasks.o)
 .text.prvDeleteTCB
                0x000000000001e310       0x20 ./../Libraries/FreeRTOS/FreeRTOS/../BCDS_Customization/debug/libFreeRTOS_efm32_debug.a(tasks.o)
 .text.prvResetNextTaskUnblockTime
                0x000000000001e330       0x5c ./../Libraries/FreeRTOS/FreeRTOS/../BCDS_Customization/debug/libFreeRTOS_efm32_debug.a(tasks.o)
 .text.xTaskGetCurrentTaskHandle
                0x000000000001e38c       0x20 ./../Libraries/FreeRTOS/FreeRTOS/../BCDS_Customization/debug/libFreeRTOS_efm32_debug.a(tasks.o)
                0x000000000001e38c                xTaskGetCurrentTaskHandle
 .text.xTaskGetSchedulerState
                0x000000000001e3ac       0x48 ./../Libraries/FreeRTOS/FreeRTOS/../BCDS_Customization/debug/libFreeRTOS_efm32_debug.a(tasks.o)
                0x000000000001e3ac                xTaskGetSchedulerState
 .text.vTaskPriorityInherit
                0x000000000001e3f4       0xf0 ./../Libraries/FreeRTOS/FreeRTOS/../BCDS_Customization/debug/libFreeRTOS_efm32_debug.a(tasks.o)
                0x000000000001e3f4                vTaskPriorityInherit
 .text.vTaskPriorityDisinherit
                0x000000000001e4e4       0x98 ./../Libraries/FreeRTOS/FreeRTOS/../BCDS_Customization/debug/libFreeRTOS_efm32_debug.a(tasks.o)
                0x000000000001e4e4                vTaskPriorityDisinherit
 .text.xTimerCreateTimerTask
                0x000000000001e57c       0x78 ./../Libraries/FreeRTOS/FreeRTOS/../BCDS_Customization/debug/libFreeRTOS_efm32_debug.a(timers.o)
                0x000000000001e57c                xTimerCreateTimerTask
 .text.xTimerCreate
                0x000000000001e5f4       0x7c ./../Libraries/FreeRTOS/FreeRTOS/../BCDS_Customization/debug/libFreeRTOS_efm32_debug.a(timers.o)
                0x000000000001e5f4                xTimerCreate
 .text.xTimerGenericCommand
                0x000000000001e670       0xac ./../Libraries/FreeRTOS/FreeRTOS/../BCDS_Customization/debug/libFreeRTOS_efm32_debug.a(timers.o)
                0x000000000001e670                xTimerGenericCommand
 .text.prvProcessExpiredTimer
                0x000000000001e71c       0x88 ./../Libraries/FreeRTOS/FreeRTOS/../BCDS_Customization/debug/libFreeRTOS_efm32_debug.a(timers.o)
 .text.prvTimerTask
                0x000000000001e7a4       0x24 ./../Libraries/FreeRTOS/FreeRTOS/../BCDS_Customization/debug/libFreeRTOS_efm32_debug.a(timers.o)
 .text.prvProcessTimerOrBlockTask
                0x000000000001e7c8       0x74 ./../Libraries/FreeRTOS/FreeRTOS/../BCDS_Customization/debug/libFreeRTOS_efm32_debug.a(timers.o)
 .text.prvGetNextExpireTime
                0x000000000001e83c       0x54 ./../Libraries/FreeRTOS/FreeRTOS/../BCDS_Customization/debug/libFreeRTOS_efm32_debug.a(timers.o)
 .text.prvSampleTimeNow
                0x000000000001e890       0x4c ./../Libraries/FreeRTOS/FreeRTOS/../BCDS_Customization/debug/libFreeRTOS_efm32_debug.a(timers.o)
 .text.prvInsertTimerInActiveList
                0x000000000001e8dc       0x94 ./../Libraries/FreeRTOS/FreeRTOS/../BCDS_Customization/debug/libFreeRTOS_efm32_debug.a(timers.o)
 .text.prvProcessReceivedCommands
                0x000000000001e970      0x174 ./../Libraries/FreeRTOS/FreeRTOS/../BCDS_Customization/debug/libFreeRTOS_efm32_debug.a(timers.o)
 .text.prvSwitchTimerLists
                0x000000000001eae4       0xf0 ./../Libraries/FreeRTOS/FreeRTOS/../BCDS_Customization/debug/libFreeRTOS_efm32_debug.a(timers.o)
 .text.prvCheckForValidListAndQueue
                0x000000000001ebd4       0xb8 ./../Libraries/FreeRTOS/FreeRTOS/../BCDS_Customization/debug/libFreeRTOS_efm32_debug.a(timers.o)
 .text.xTimerPendFunctionCallFromISR
                0x000000000001ec8c       0x4c ./../Libraries/FreeRTOS/FreeRTOS/../BCDS_Customization/debug/libFreeRTOS_efm32_debug.a(timers.o)
                0x000000000001ec8c                xTimerPendFunctionCallFromISR
 .text.pvPortMalloc
                0x000000000001ecd8      0x188 ./../Libraries/FreeRTOS/FreeRTOS/../BCDS_Customization/debug/libFreeRTOS_efm32_debug.a(heap_4.o)
                0x000000000001ecd8                pvPortMalloc
 .text.vPortFree
                0x000000000001ee60       0xcc ./../Libraries/FreeRTOS/FreeRTOS/../BCDS_Customization/debug/libFreeRTOS_efm32_debug.a(heap_4.o)
                0x000000000001ee60                vPortFree
 .text.prvHeapInit
                0x000000000001ef2c      0x100 ./../Libraries/FreeRTOS/FreeRTOS/../BCDS_Customization/debug/libFreeRTOS_efm32_debug.a(heap_4.o)
 .text.prvInsertBlockIntoFreeList
                0x000000000001f02c       0xbc ./../Libraries/FreeRTOS/FreeRTOS/../BCDS_Customization/debug/libFreeRTOS_efm32_debug.a(heap_4.o)
 .text.pxPortInitialiseStack
                0x000000000001f0e8       0x64 ./../Libraries/FreeRTOS/FreeRTOS/../BCDS_Customization/debug/libFreeRTOS_efm32_debug.a(port.o)
                0x000000000001f0e8                pxPortInitialiseStack
 .text.prvTaskExitError
                0x000000000001f14c       0x2c ./../Libraries/FreeRTOS/FreeRTOS/../BCDS_Customization/debug/libFreeRTOS_efm32_debug.a(port.o)
 .text.SVC_Handler
                0x000000000001f178       0x24 ./../Libraries/FreeRTOS/FreeRTOS/../BCDS_Customization/debug/libFreeRTOS_efm32_debug.a(port.o)
                0x000000000001f178                SVC_Handler
 .text.prvPortStartFirstTask
                0x000000000001f19c       0x1c ./../Libraries/FreeRTOS/FreeRTOS/../BCDS_Customization/debug/libFreeRTOS_efm32_debug.a(port.o)
 .text.xPortStartScheduler
                0x000000000001f1b8      0x10c ./../Libraries/FreeRTOS/FreeRTOS/../BCDS_Customization/debug/libFreeRTOS_efm32_debug.a(port.o)
                0x000000000001f1b8                xPortStartScheduler
 .text.vPortYield
                0x000000000001f2c4       0x20 ./../Libraries/FreeRTOS/FreeRTOS/../BCDS_Customization/debug/libFreeRTOS_efm32_debug.a(port.o)
                0x000000000001f2c4                vPortYield
 .text.vPortEnterCritical
                0x000000000001f2e4       0x2c ./../Libraries/FreeRTOS/FreeRTOS/../BCDS_Customization/debug/libFreeRTOS_efm32_debug.a(port.o)
                0x000000000001f2e4                vPortEnterCritical
 .text.vPortExitCritical
                0x000000000001f310       0x54 ./../Libraries/FreeRTOS/FreeRTOS/../BCDS_Customization/debug/libFreeRTOS_efm32_debug.a(port.o)
                0x000000000001f310                vPortExitCritical
 .text.ulPortSetInterruptMask
                0x000000000001f364       0x14 ./../Libraries/FreeRTOS/FreeRTOS/../BCDS_Customization/debug/libFreeRTOS_efm32_debug.a(port.o)
                0x000000000001f364                ulPortSetInterruptMask
 .text.vPortClearInterruptMask
                0x000000000001f378        0x8 ./../Libraries/FreeRTOS/FreeRTOS/../BCDS_Customization/debug/libFreeRTOS_efm32_debug.a(port.o)
                0x000000000001f378                vPortClearInterruptMask
 .text.PendSV_Handler
                0x000000000001f380       0x44 ./../Libraries/FreeRTOS/FreeRTOS/../BCDS_Customization/debug/libFreeRTOS_efm32_debug.a(port.o)
                0x000000000001f380                PendSV_Handler
 .text.vPortValidateInterruptPriority
                0x000000000001f3c4       0x78 ./../Libraries/FreeRTOS/FreeRTOS/../BCDS_Customization/debug/libFreeRTOS_efm32_debug.a(port.o)
                0x000000000001f3c4                vPortValidateInterruptPriority
 .text.vListInitialise
                0x000000000001f43c       0x40 ./../Libraries/FreeRTOS/FreeRTOS/../BCDS_Customization/debug/libFreeRTOS_efm32_debug.a(list.o)
                0x000000000001f43c                vListInitialise
 .text.vListInitialiseItem
                0x000000000001f47c       0x1c ./../Libraries/FreeRTOS/FreeRTOS/../BCDS_Customization/debug/libFreeRTOS_efm32_debug.a(list.o)
                0x000000000001f47c                vListInitialiseItem
 .text.vListInsertEnd
                0x000000000001f498       0x48 ./../Libraries/FreeRTOS/FreeRTOS/../BCDS_Customization/debug/libFreeRTOS_efm32_debug.a(list.o)
                0x000000000001f498                vListInsertEnd
 .text.vListInsert
                0x000000000001f4e0       0x74 ./../Libraries/FreeRTOS/FreeRTOS/../BCDS_Customization/debug/libFreeRTOS_efm32_debug.a(list.o)
                0x000000000001f4e0                vListInsert
 .text.uxListRemove
                0x000000000001f554       0x58 ./../Libraries/FreeRTOS/FreeRTOS/../BCDS_Customization/debug/libFreeRTOS_efm32_debug.a(list.o)
                0x000000000001f554                uxListRemove
 .text._BUTTON_deferredInterruptHandler
                0x000000000001f5ac       0x2c ./../Platform/Peripherals/debug/libPeripherals_efm32_debug.a(button_efm32.o)
 .text._BUTTON_InterruptHandler
                0x000000000001f5d8       0xc8 ./../Platform/Peripherals/debug/libPeripherals_efm32_debug.a(button_efm32.o)
                0x000000000001f5d8                _BUTTON_InterruptHandler
 .text._BUTTON_firstInitialization
                0x000000000001f6a0       0xa4 ./../Platform/Peripherals/debug/libPeripherals_efm32_debug.a(button_efm32.o)
                0x000000000001f6a0                _BUTTON_firstInitialization
 .text._BUTTON_checkParameters
                0x000000000001f744       0x4c ./../Platform/Peripherals/debug/libPeripherals_efm32_debug.a(button_efm32.o)
                0x000000000001f744                _BUTTON_checkParameters
 .text.BUTTON_create
                0x000000000001f790      0x1f8 ./../Platform/Peripherals/debug/libPeripherals_efm32_debug.a(button_efm32.o)
                0x000000000001f790                BUTTON_create
 .text.BUTTON_enable
                0x000000000001f988       0x68 ./../Platform/Peripherals/debug/libPeripherals_efm32_debug.a(button_efm32.o)
                0x000000000001f988                BUTTON_enable
 .text.BUTTON_isPressed
                0x000000000001f9f0       0x44 ./../Platform/Peripherals/debug/libPeripherals_efm32_debug.a(button_efm32.o)
                0x000000000001f9f0                BUTTON_isPressed
 .text.BUTTON_setCallback
                0x000000000001fa34       0x64 ./../Platform/Peripherals/debug/libPeripherals_efm32_debug.a(button_efm32.o)
                0x000000000001fa34                BUTTON_setCallback
 .text.GPIO_PinInGet
                0x000000000001fa98       0x4c ./../Platform/Peripherals/debug/libPeripherals_efm32_debug.a(gpio_efm32gg.o)
 .text.GPIO_PinOutClear
                0x000000000001fae4       0x4c ./../Platform/Peripherals/debug/libPeripherals_efm32_debug.a(gpio_efm32gg.o)
 .text.GPIO_PinOutSet
                0x000000000001fb30       0x4c ./../Platform/Peripherals/debug/libPeripherals_efm32_debug.a(gpio_efm32gg.o)
 .text._GPIO_checkParameters
                0x000000000001fb7c       0x64 ./../Platform/Peripherals/debug/libPeripherals_efm32_debug.a(gpio_efm32gg.o)
                0x000000000001fb7c                _GPIO_checkParameters
 .text.GPIO_init
                0x000000000001fbe0       0xd4 ./../Platform/Peripherals/debug/libPeripherals_efm32_debug.a(gpio_efm32gg.o)
                0x000000000001fbe0                GPIO_init
 .text.GPIO_getPin
                0x000000000001fcb4       0x4c ./../Platform/Peripherals/debug/libPeripherals_efm32_debug.a(gpio_efm32gg.o)
                0x000000000001fcb4                GPIO_getPin
 .text.GPIO_setPin
                0x000000000001fd00       0x78 ./../Platform/Peripherals/debug/libPeripherals_efm32_debug.a(gpio_efm32gg.o)
                0x000000000001fd00                GPIO_setPin
 .text.I2C_init
                0x000000000001fd78      0x100 ./../Platform/Peripherals/debug/libPeripherals_efm32_debug.a(I2C_cc.o)
                0x000000000001fd78                I2C_init
 .text.I2C_delayFunction
                0x000000000001fe78       0x54 ./../Platform/Peripherals/debug/libPeripherals_efm32_debug.a(I2C_cc.o)
                0x000000000001fe78                I2C_delayFunction
 .text.I2C_i2cDecodeCallbackFunction
                0x000000000001fecc      0x1b8 ./../Platform/Peripherals/debug/libPeripherals_efm32_debug.a(I2C_cc.o)
                0x000000000001fecc                I2C_i2cDecodeCallbackFunction
 .text.I2C_busWriteChannel0
                0x0000000000020084       0xcc ./../Platform/Peripherals/debug/libPeripherals_efm32_debug.a(I2C_cc.o)
                0x0000000000020084                I2C_busWriteChannel0
 .text.I2C_busWriteChannel1
                0x0000000000020150       0xcc ./../Platform/Peripherals/debug/libPeripherals_efm32_debug.a(I2C_cc.o)
                0x0000000000020150                I2C_busWriteChannel1
 .text.I2C_busReadChannel0
                0x000000000002021c      0x100 ./../Platform/Peripherals/debug/libPeripherals_efm32_debug.a(I2C_cc.o)
                0x000000000002021c                I2C_busReadChannel0
 .text.I2C_busReadChannel1
                0x000000000002031c      0x100 ./../Platform/Peripherals/debug/libPeripherals_efm32_debug.a(I2C_cc.o)
                0x000000000002031c                I2C_busReadChannel1
 .text.SID_init
                0x000000000002041c       0xc4 ./../Platform/Peripherals/debug/libPeripherals_efm32_debug.a(SID_serialDriverInf_cc.o)
                0x000000000002041c                SID_init
 .text.SID_send
                0x00000000000204e0       0x9c ./../Platform/Peripherals/debug/libPeripherals_efm32_debug.a(SID_serialDriverInf_cc.o)
                0x00000000000204e0                SID_send
 .text.NVIC_EnableIRQ
                0x000000000002057c       0x38 ./../Platform/Peripherals/debug/libPeripherals_efm32_debug.a(I2C_efm32Driver_cc.o)
 .text.NVIC_ClearPendingIRQ
                0x00000000000205b4       0x3c ./../Platform/Peripherals/debug/libPeripherals_efm32_debug.a(I2C_efm32Driver_cc.o)
 .text.I2C_initCtrSpecific
                0x00000000000205f0      0x114 ./../Platform/Peripherals/debug/libPeripherals_efm32_debug.a(I2C_efm32Driver_cc.o)
                0x00000000000205f0                I2C_initCtrSpecific
 .text.I2C_startTransfer
                0x0000000000020704       0xac ./../Platform/Peripherals/debug/libPeripherals_efm32_debug.a(I2C_efm32Driver_cc.o)
                0x0000000000020704                I2C_startTransfer
 .text.I2C0_IRQHandler
                0x00000000000207b0      0x3b4 ./../Platform/Peripherals/debug/libPeripherals_efm32_debug.a(I2C_efm32Driver_cc.o)
                0x00000000000207b0                I2C0_IRQHandler
 .text.I2C1_IRQHandler
                0x0000000000020b64      0x3b4 ./../Platform/Peripherals/debug/libPeripherals_efm32_debug.a(I2C_efm32Driver_cc.o)
                0x0000000000020b64                I2C1_IRQHandler
 .text.I2C_triggerTransfer
                0x0000000000020f18       0xc4 ./../Platform/Peripherals/debug/libPeripherals_efm32_debug.a(I2C_efm32Driver_cc.o)
                0x0000000000020f18                I2C_triggerTransfer
 .text.I2C_triggerNextI2CTransfer
                0x0000000000020fdc      0x138 ./../Platform/Peripherals/debug/libPeripherals_efm32_debug.a(I2C_efm32Driver_cc.o)
                0x0000000000020fdc                I2C_triggerNextI2CTransfer
 .text.I2C_isTransferCompleted
                0x0000000000021114       0x34 ./../Platform/Peripherals/debug/libPeripherals_efm32_debug.a(I2C_efm32Driver_cc.o)
                0x0000000000021114                I2C_isTransferCompleted
 .text.I2C_getStatus
                0x0000000000021148       0x18 ./../Platform/Peripherals/debug/libPeripherals_efm32_debug.a(I2C_efm32Driver_cc.o)
                0x0000000000021148                I2C_getStatus
 .text.NVIC_EnableIRQ
                0x0000000000021160       0x38 ./../Platform/Peripherals/debug/libPeripherals_efm32_debug.a(PTD_portDriver_cc.o)
 .text.NVIC_ClearPendingIRQ
                0x0000000000021198       0x3c ./../Platform/Peripherals/debug/libPeripherals_efm32_debug.a(PTD_portDriver_cc.o)
 .text.GPIO_IntClear
                0x00000000000211d4       0x20 ./../Platform/Peripherals/debug/libPeripherals_efm32_debug.a(PTD_portDriver_cc.o)
 .text.PTD_checkEvenPinConfigured
                0x00000000000211f4       0xd8 ./../Platform/Peripherals/debug/libPeripherals_efm32_debug.a(PTD_portDriver_cc.o)
 .text.PTD_checkOddPinConfigured
                0x00000000000212cc       0xd8 ./../Platform/Peripherals/debug/libPeripherals_efm32_debug.a(PTD_portDriver_cc.o)
 .text.PTD_portInit
                0x00000000000213a4       0x18 ./../Platform/Peripherals/debug/libPeripherals_efm32_debug.a(PTD_portDriver_cc.o)
                0x00000000000213a4                PTD_portInit
 .text.PTD_portInteruptConfig
                0x00000000000213bc       0x28 ./../Platform/Peripherals/debug/libPeripherals_efm32_debug.a(PTD_portDriver_cc.o)
                0x00000000000213bc                PTD_portInteruptConfig
 .text.PTD_setInterruptPinCount
                0x00000000000213e4       0xf0 ./../Platform/Peripherals/debug/libPeripherals_efm32_debug.a(PTD_portDriver_cc.o)
                0x00000000000213e4                PTD_setInterruptPinCount
 .text.PTD_intConfig
                0x00000000000214d4      0x220 ./../Platform/Peripherals/debug/libPeripherals_efm32_debug.a(PTD_portDriver_cc.o)
                0x00000000000214d4                PTD_intConfig
 .text.GPIO_ODD_IRQHandler
                0x00000000000216f4       0x98 ./../Platform/Peripherals/debug/libPeripherals_efm32_debug.a(PTD_portDriver_cc.o)
                0x00000000000216f4                GPIO_ODD_IRQHandler
 .text.GPIO_EVEN_IRQHandler
                0x000000000002178c       0x98 ./../Platform/Peripherals/debug/libPeripherals_efm32_debug.a(PTD_portDriver_cc.o)
                0x000000000002178c                GPIO_EVEN_IRQHandler
 .text.NVIC_DisableIRQ
                0x0000000000021824       0x3c ./../Platform/Peripherals/debug/libPeripherals_efm32_debug.a(SPI_cc.o)
 .text.getSpiSettings
                0x0000000000021860       0x58 ./../Platform/Peripherals/debug/libPeripherals_efm32_debug.a(SPI_cc.o)
 .text.DataTransferCallback
                0x00000000000218b8       0x30 ./../Platform/Peripherals/debug/libPeripherals_efm32_debug.a(SPI_cc.o)
 .text.SetupDma
                0x00000000000218e8      0x20c ./../Platform/Peripherals/debug/libPeripherals_efm32_debug.a(SPI_cc.o)
 .text.IsDmaActive
                0x0000000000021af4       0x80 ./../Platform/Peripherals/debug/libPeripherals_efm32_debug.a(SPI_cc.o)
 .text.SpiDmaTransfer
                0x0000000000021b74      0x174 ./../Platform/Peripherals/debug/libPeripherals_efm32_debug.a(SPI_cc.o)
 .text.SPI_init
                0x0000000000021ce8      0x27c ./../Platform/Peripherals/debug/libPeripherals_efm32_debug.a(SPI_cc.o)
                0x0000000000021ce8                SPI_init
 .text.SPI_write
                0x0000000000021f64      0x164 ./../Platform/Peripherals/debug/libPeripherals_efm32_debug.a(SPI_cc.o)
                0x0000000000021f64                SPI_write
 .text.SPI_read
                0x00000000000220c8      0x184 ./../Platform/Peripherals/debug/libPeripherals_efm32_debug.a(SPI_cc.o)
                0x00000000000220c8                SPI_read
 .text.SPI_deinit
                0x000000000002224c       0x28 ./../Platform/Peripherals/debug/libPeripherals_efm32_debug.a(SPI_cc.o)
                0x000000000002224c                SPI_deinit
 .text.NVIC_EnableIRQ
                0x0000000000022274       0x38 ./../Platform/Peripherals/debug/libPeripherals_efm32_debug.a(SER_serialDriver_cc.o)
 .text.NVIC_ClearPendingIRQ
                0x00000000000222ac       0x3c ./../Platform/Peripherals/debug/libPeripherals_efm32_debug.a(SER_serialDriver_cc.o)
 .text.INT_Disable
                0x00000000000222e8       0x40 ./../Platform/Peripherals/debug/libPeripherals_efm32_debug.a(SER_serialDriver_cc.o)
 .text.INT_Enable
                0x0000000000022328       0x54 ./../Platform/Peripherals/debug/libPeripherals_efm32_debug.a(SER_serialDriver_cc.o)
 .text.SER_callbackMapping
                0x000000000002237c       0x50 ./../Platform/Peripherals/debug/libPeripherals_efm32_debug.a(SER_serialDriver_cc.o)
 .text.SER_initLeuart
                0x00000000000223cc      0x19c ./../Platform/Peripherals/debug/libPeripherals_efm32_debug.a(SER_serialDriver_cc.o)
 .text.SER_initUsart
                0x0000000000022568      0x25c ./../Platform/Peripherals/debug/libPeripherals_efm32_debug.a(SER_serialDriver_cc.o)
 .text.SER_initUart
                0x00000000000227c4      0x224 ./../Platform/Peripherals/debug/libPeripherals_efm32_debug.a(SER_serialDriver_cc.o)
 .text.SER_serialInit